Component: ARM Compiler 6.14 Tool: armlink [5db06800]

==============================================================================

Section Cross References

    main.o(.text.main) refers to systick.o(.text.systick_config) for systick_config
    main.o(.text.main) refers to systick.o(.text.delay_ms) for delay_ms
    main.o(.text.main) refers to gd32e23x_misc.o(.text.nvic_irq_enable) for nvic_irq_enable
    main.o(.text.main) refers to uart.o(.text.com_gpio_init) for com_gpio_init
    main.o(.text.main) refers to uart.o(.text.com_usart_init) for com_usart_init
    main.o(.text.main) refers to oc.o(.text.oc_init) for oc_init
    main.o(.text.main) refers to myiic.o(.text.IIC_Init) for IIC_Init
    main.o(.text.main) refers to gd32e23x_usart.o(.text.usart_interrupt_enable) for usart_interrupt_enable
    main.o(.text.main) refers to irsend.o(.text.timer_config) for timer_config
    main.o(.text.main) refers to mcu_api.o(.text.wifi_protocol_init) for wifi_protocol_init
    main.o(.text.main) refers to oled.o(.text.OLED_Init) for OLED_Init
    main.o(.text.main) refers to oled.o(.text.OLED_Display_On) for OLED_Display_On
    main.o(.text.main) refers to mcu_api.o(.text.wifi_uart_service) for wifi_uart_service
    main.o(.text.main) refers to protocol.o(.text.all_data_update) for all_data_update
    main.o(.text.main) refers to sht30.o(.text.SHT3x_Get_Humiture_single) for SHT3x_Get_Humiture_single
    main.o(.text.main) refers to dmul.o(.text) for __aeabi_dmul
    main.o(.text.main) refers to main.o(.bss.temp) for temp
    main.o(.text.main) refers to main.o(.bss.humi) for humi
    main.o(.ARM.exidx.text.main) refers to main.o(.text.main) for [Anonymous Symbol]
    gd32e23x_it.o(.ARM.exidx.text.NMI_Handler) refers to gd32e23x_it.o(.text.NMI_Handler) for [Anonymous Symbol]
    gd32e23x_it.o(.ARM.exidx.text.HardFault_Handler) refers to gd32e23x_it.o(.text.HardFault_Handler) for [Anonymous Symbol]
    gd32e23x_it.o(.ARM.exidx.text.SVC_Handler) refers to gd32e23x_it.o(.text.SVC_Handler) for [Anonymous Symbol]
    gd32e23x_it.o(.ARM.exidx.text.PendSV_Handler) refers to gd32e23x_it.o(.text.PendSV_Handler) for [Anonymous Symbol]
    gd32e23x_it.o(.ARM.exidx.text.SysTick_Handler) refers to gd32e23x_it.o(.text.SysTick_Handler) for [Anonymous Symbol]
    gd32e23x_it.o(.text.USART1_IRQHandler) refers to gd32e23x_usart.o(.text.usart_interrupt_flag_get) for usart_interrupt_flag_get
    gd32e23x_it.o(.text.USART1_IRQHandler) refers to gd32e23x_usart.o(.text.usart_data_receive) for usart_data_receive
    gd32e23x_it.o(.text.USART1_IRQHandler) refers to mcu_api.o(.text.uart_receive_input) for uart_receive_input
    gd32e23x_it.o(.ARM.exidx.text.USART1_IRQHandler) refers to gd32e23x_it.o(.text.USART1_IRQHandler) for [Anonymous Symbol]
    gd32e23x_it.o(.text.EXTI4_15_IRQHandler) refers to gd32e23x_exti.o(.text.exti_interrupt_flag_get) for exti_interrupt_flag_get
    gd32e23x_it.o(.text.EXTI4_15_IRQHandler) refers to gd32e23x_exti.o(.text.exti_interrupt_flag_clear) for exti_interrupt_flag_clear
    gd32e23x_it.o(.ARM.exidx.text.EXTI4_15_IRQHandler) refers to gd32e23x_it.o(.text.EXTI4_15_IRQHandler) for [Anonymous Symbol]
    gd32e23x_it.o(.text.EXTI0_1_IRQHandler) refers to gd32e23x_exti.o(.text.exti_interrupt_flag_get) for exti_interrupt_flag_get
    gd32e23x_it.o(.text.EXTI0_1_IRQHandler) refers to gd32e23x_exti.o(.text.exti_interrupt_flag_clear) for exti_interrupt_flag_clear
    gd32e23x_it.o(.ARM.exidx.text.EXTI0_1_IRQHandler) refers to gd32e23x_it.o(.text.EXTI0_1_IRQHandler) for [Anonymous Symbol]
    gd32e23x_it.o(.text.TIMER13_IRQHandler) refers to gd32e23x_timer.o(.text.timer_interrupt_flag_get) for timer_interrupt_flag_get
    gd32e23x_it.o(.text.TIMER13_IRQHandler) refers to gd32e23x_timer.o(.text.timer_counter_read) for timer_counter_read
    gd32e23x_it.o(.text.TIMER13_IRQHandler) refers to printfa.o(i.__0printf) for printf
    gd32e23x_it.o(.text.TIMER13_IRQHandler) refers to printfa.o(i.__0sprintf) for sprintf
    gd32e23x_it.o(.text.TIMER13_IRQHandler) refers to gd32e23x_timer.o(.text.timer_counter_value_config) for timer_counter_value_config
    gd32e23x_it.o(.text.TIMER13_IRQHandler) refers to gd32e23x_timer.o(.text.timer_interrupt_flag_clear) for timer_interrupt_flag_clear
    gd32e23x_it.o(.text.TIMER13_IRQHandler) refers to gd32e23x_it.o(.bss.TIMER13_IRQHandler.fl) for [Anonymous Symbol]
    gd32e23x_it.o(.text.TIMER13_IRQHandler) refers to gd32e23x_it.o(.bss.TIMER13_IRQHandler.count) for [Anonymous Symbol]
    gd32e23x_it.o(.text.TIMER13_IRQHandler) refers to gd32e23x_it.o(.rodata.str1.1) for .L.str
    gd32e23x_it.o(.text.TIMER13_IRQHandler) refers to gd32e23x_it.o(.bss.result) for result
    gd32e23x_it.o(.text.TIMER13_IRQHandler) refers to gd32e23x_it.o(.bss.TIMER13_IRQHandler.k) for [Anonymous Symbol]
    gd32e23x_it.o(.text.TIMER13_IRQHandler) refers to protocol.o(.data.ts) for ts
[...]
    mcu_api.c                                0x00000000   Number         0  mcu_api.o ABSOLUTE
    myiic.c                                  0x00000000   Number         0  myiic.o ABSOLUTE
    oc.c                                     0x00000000   Number         0  oc.o ABSOLUTE
    oled.c                                   0x00000000   Number         0  oled.o ABSOLUTE
    protocol.c                               0x00000000   Number         0  protocol.o ABSOLUTE
    rc5_decode.c                             0x00000000   Number         0  rc5_decode.o ABSOLUTE
    rc5_encode.c                             0x00000000   Number         0  rc5_encode.o ABSOLUTE
    system.c                                 0x00000000   Number         0  system.o ABSOLUTE
    system_gd32e23x.c                        0x00000000   Number         0  system_gd32e23x.o ABSOLUTE
    systick.c                                0x00000000   Number         0  systick.o ABSOLUTE
    uart.c                                   0x00000000   Number         0  uart.o ABSOLUTE
    RESET                                    0x08000000   Section      204  startup_gd32e23x.o(RESET)
    .ARM.Collect$$$$00000000                 0x080000cc   Section        0  entry.o(.ARM.Collect$$$$00000000)
    .ARM.Collect$$$$00000001                 0x080000cc   Section        4  entry2.o(.ARM.Collect$$$$00000001)
    .ARM.Collect$$$$00000004                 0x080000d0   Section        4  entry5.o(.ARM.Collect$$$$00000004)
    .ARM.Collect$$$$00000008                 0x080000d4   Section        0  entry7b.o(.ARM.Collect$$$$00000008)
    .ARM.Collect$$$$0000000A                 0x080000d4   Section        0  entry8b.o(.ARM.Collect$$$$0000000A)
    .ARM.Collect$$$$0000000B                 0x080000d4   Section        8  entry9a.o(.ARM.Collect$$$$0000000B)
    __lit__00000000                          0x080000dc   Data           4  entry2.o(.ARM.Collect$$$$00002712)
    .ARM.Collect$$$$0000000D                 0x080000dc   Section        0  entry10a.o(.ARM.Collect$$$$0000000D)
    .ARM.Collect$$$$0000000F                 0x080000dc   Section        0  entry11a.o(.ARM.Collect$$$$0000000F)
    .ARM.Collect$$$$00002712                 0x080000dc   Section        4  entry2.o(.ARM.Collect$$$$00002712)
    .text                                    0x080000e0   Section       28  startup_gd32e23x.o(.text)
    .text                                    0x080000fc   Section        0  fmul.o(.text)
    .text                                    0x08000176   Section        0  fdiv.o(.text)
    .text                                    0x080001f4   Section        0  dadd.o(.text)
    .text                                    0x08000358   Section        0  dmul.o(.text)
    .text                                    0x08000428   Section        0  ddiv.o(.text)
    .text                                    0x08000518   Section        0  dcmplt.o(.text)
    .text                                    0x08000544   Section        0  dcmpgt.o(.text)
    .text                                    0x08000570   Section        0  ffltui.o(.text)
    .text                                    0x08000580   Section        0  dfltui.o(.text)
    .text                                    0x0800059c   Section        0  ffixui.o(.text)
    .text                                    0x080005c4   Section        0  dfixui.o(.text)
    .text                                    0x08000600   Section        0  uidiv.o(.text)
    .text                                    0x0800062c   Section        0  uldiv.o(.text)
    .text                                    0x0800068c   Section        0  llshl.o(.text)
    .text                                    0x080006ac   Section        0  llushr.o(.text)
    .text                                    0x080006ce   Section        0  llsshr.o(.text)
    .text                                    0x080006f4   Section        0  iusefp.o(.text)
    .text                                    0x080006f4   Section        0  fepilogue.o(.text)
    .text                                    0x08000776   Section        0  depilogue.o(.text)
    .text                                    0x08000834   Section        0  dfixul.o(.text)
    .text                                    0x08000874   Section       40  cdrcmple.o(.text)
    .text                                    0x0800089c   Section       36  init.o(.text)
    .text                                    0x080008c0   Section        0  __dczerorl2.o(.text)
    [Anonymous Symbol]                       0x08000916   Section        0  sht30.o(.text.CheckCrc8)
    [Anonymous Symbol]                       0x080009a6   Section        0  gd32e23x_it.o(.text.EXTI0_1_IRQHandler)
    [Anonymous Symbol]                       0x080009be   Section        0  gd32e23x_it.o(.text.EXTI4_15_IRQHandler)
    [Anonymous Symbol]                       0x080009d6   Section        0  gd32e23x_it.o(.text.HardFault_Handler)
    [Anonymous Symbol]                       0x080009da   Section        0  myiic.o(.text.IIC_ACK)
    [Anonymous Symbol]                       0x08000a46   Section        0  myiic.o(.text.IIC_Init)
    [Anonymous Symbol]                       0x08000a8c   Section        0  myiic.o(.text.IIC_NACK)
    [Anonymous Symbol]                       0x08000af8   Section        0  myiic.o(.text.IIC_RcvByte)
    [Anonymous Symbol]                       0x08000b98   Section        0  myiic.o(.text.IIC_SendByte)
    [Anonymous Symbol]                       0x08000c50   Section        0  myiic.o(.text.IIC_Start)
    [Anonymous Symbol]                       0x08000caa   Section        0  myiic.o(.text.IIC_Stop)
    [Anonymous Symbol]                       0x08000d0a   Section        0  myiic.o(.text.IIC_wait_ACK)
    [Anonymous Symbol]                       0x08000df4   Section        0  gd32e23x_it.o(.text.NMI_Handler)
    [Anonymous Symbol]                       0x08000df6   Section        0  oled.o(.text.OLED_Clear)
    [Anonymous Symbol]                       0x08000e60   Section        0  oled.o(.text.OLED_Display_On)
    [Anonymous Symbol]                       0x08000e84   Section        0  oled.o(.text.OLED_Init)
    __arm_cp.11_0                            0x08001048   Number         4  oled.o(.text.OLED_Init)
    [Anonymous Symbol]                       0x0800104c   Section        0  oled.o(.text.OLED_Set_Pos)
    [Anonymous Symbol]                       0x08001094   Section        0  oled.o(.text.OLED_ShowCHinese)
    __arm_cp.9_0                             0x08001154   Number         4  oled.o(.text.OLED_ShowCHinese)
    [Anonymous Symbol]                       0x08001158   Section        0  oled.o(.text.OLED_ShowChar)
    __arm_cp.5_0                             0x08001220   Number         4  oled.o(.text.OLED_ShowChar)
    [Anonymous Symbol]                       0x08001224   Section        0  oled.o(.text.OLED_ShowString)
    [Anonymous Symbol]                       0x08001298   Section        0  oled.o(.text.OLED_WR_Byte)
    __arm_cp.0_0                             0x08001338   Number         4  oled.o(.text.OLED_WR_Byte)
    [Anonymous Symbol]                       0x0800133c   Section        0  gd32e23x_it.o(.text.PendSV_Handler)
    [Anonymous Symbol]                       0x08001340   Section        0  sht30.o(.text.SHT3x_Get_Humiture_single)
    __arm_cp.5_0                             0x0800149c   Number         4  sht30.o(.text.SHT3x_Get_Humiture_single)
    __arm_cp.5_1                             0x080014a0   Number         4  sht30.o(.text.SHT3x_Get_Humiture_single)
    __arm_cp.5_2                             0x080014a4   Number         4  sht30.o(.text.SHT3x_Get_Humiture_single)
    __arm_cp.5_3                             0x080014a8   Number         4  sht30.o(.text.SHT3x_Get_Humiture_single)
    __arm_cp.5_4                             0x080014ac   Number         4  sht30.o(.text.SHT3x_Get_Humiture_single)
    __arm_cp.5_5                             0x080014b0   Number         4  sht30.o(.text.SHT3x_Get_Humiture_single)
    __arm_cp.5_6                             0x080014b4   Number         4  sht30.o(.text.SHT3x_Get_Humiture_single)
    __arm_cp.5_7                             0x080014b8   Number         4  sht30.o(.text.SHT3x_Get_Humiture_single)
    SHT3x_Recv_Data                          0x080014bd   Thumb Code   136  sht30.o(.text.SHT3x_Recv_Data)
    [Anonymous Symbol]                       0x080014bc   Section        0  sht30.o(.text.SHT3x_Recv_Data)
    SHT3x_Send_Cmd                           0x08001545   Thumb Code    96  sht30.o(.text.SHT3x_Send_Cmd)
    [Anonymous Symbol]                       0x08001544   Section        0  sht30.o(.text.SHT3x_Send_Cmd)
    __arm_cp.1_0                             0x080015a0   Number         4  sht30.o(.text.SHT3x_Send_Cmd)
    [Anonymous Symbol]                       0x080015a4   Section        0  gd32e23x_it.o(.text.SVC_Handler)
    [Anonymous Symbol]                       0x080015a6   Section        0  gd32e23x_it.o(.text.SysTick_Handler)
    [Anonymous Symbol]                       0x080015a8   Section        0  system_gd32e23x.o(.text.SystemInit)
    __arm_cp.0_0                             0x08001630   Number         4  system_gd32e23x.o(.text.SystemInit)
    __arm_cp.0_1                             0x08001634   Number         4  system_gd32e23x.o(.text.SystemInit)
    __arm_cp.0_2                             0x08001638   Number         4  system_gd32e23x.o(.text.SystemInit)
    __arm_cp.0_3                             0x0800163c   Number         4  system_gd32e23x.o(.text.SystemInit)
    __arm_cp.0_4                             0x08001640   Number         4  system_gd32e23x.o(.text.SystemInit)
    __arm_cp.0_5                             0x08001644   Number         4  system_gd32e23x.o(.text.SystemInit)
    __arm_cp.0_6                             0x08001648   Number         4  system_gd32e23x.o(.text.SystemInit)
    __arm_cp.0_7                             0x0800164c   Number         4  system_gd32e23x.o(.text.SystemInit)
    __arm_cp.0_8                             0x08001650   Number         4  system_gd32e23x.o(.text.SystemInit)
    [Anonymous Symbol]                       0x08001654   Section        0  gd32e23x_it.o(.text.TIMER13_IRQHandler)
    __arm_cp.8_0                             0x0800174c   Number         4  gd32e23x_it.o(.text.TIMER13_IRQHandler)
    __arm_cp.8_1                             0x08001750   Number         4  gd32e23x_it.o(.text.TIMER13_IRQHandler)
    __arm_cp.8_2                             0x08001754   Number         4  gd32e23x_it.o(.text.TIMER13_IRQHandler)
    __arm_cp.8_3                             0x08001758   Number         4  gd32e23x_it.o(.text.TIMER13_IRQHandler)
    __arm_cp.8_4                             0x0800175c   Number         4  gd32e23x_it.o(.text.TIMER13_IRQHandler)
    __arm_cp.8_5                             0x08001760   Number         4  gd32e23x_it.o(.text.TIMER13_IRQHandler)
    __arm_cp.8_6                             0x08001764   Number         4  gd32e23x_it.o(.text.TIMER13_IRQHandler)
    __arm_cp.8_7                             0x08001768   Number         4  gd32e23x_it.o(.text.TIMER13_IRQHandler)
    __arm_cp.8_8                             0x0800176c   Number         4  gd32e23x_it.o(.text.TIMER13_IRQHandler)
    __arm_cp.8_10                            0x08001770   Number         4  gd32e23x_it.o(.text.TIMER13_IRQHandler)
    __arm_cp.8_11                            0x08001774   Number         4  gd32e23x_it.o(.text.TIMER13_IRQHandler)
    [Anonymous Symbol]                       0x08001778   Section        0  gd32e23x_it.o(.text.USART1_IRQHandler)
    __arm_cp.5_1                             0x08001798   Number         4  gd32e23x_it.o(.text.USART1_IRQHandler)
    __NVIC_EnableIRQ                         0x0800179d   Thumb Code    52  gd32e23x_misc.o(.text.__NVIC_EnableIRQ)
    [Anonymous Symbol]                       0x0800179c   Section        0  gd32e23x_misc.o(.text.__NVIC_EnableIRQ)
    __arm_cp.2_0                             0x080017cc   Number         4  gd32e23x_misc.o(.text.__NVIC_EnableIRQ)
    __NVIC_SetPriority                       0x080017d1   Thumb Code   136  gd32e23x_misc.o(.text.__NVIC_SetPriority)
    [Anonymous Symbol]                       0x080017d0   Section        0  gd32e23x_misc.o(.text.__NVIC_SetPriority)
    __arm_cp.1_0                             0x08001850   Number         4  gd32e23x_misc.o(.text.__NVIC_SetPriority)
    __arm_cp.1_1                             0x08001854   Number         4  gd32e23x_misc.o(.text.__NVIC_SetPriority)
    [Anonymous Symbol]                       0x08001858   Section        0  protocol.o(.text.all_data_update)
    __arm_cp.1_0                             0x080018bc   Number         4  protocol.o(.text.all_data_update)
    __arm_cp.1_1                             0x080018c0   Number         4  protocol.o(.text.all_data_update)
    __arm_cp.1_2                             0x080018c4   Number         4  protocol.o(.text.all_data_update)
    __arm_cp.1_3                             0x080018c8   Number         4  protocol.o(.text.all_data_update)
    [Anonymous Symbol]                       0x080018cc   Section        0  uart.o(.text.com_gpio_init)
    __arm_cp.0_0                             0x080019e8   Number         4  uart.o(.text.com_gpio_init)
    __arm_cp.0_1                             0x080019ec   Number         4  uart.o(.text.com_gpio_init)
    __arm_cp.0_2                             0x080019f0   Number         4  uart.o(.text.com_gpio_init)
    __arm_cp.0_3                             0x080019f4   Number         4  uart.o(.text.com_gpio_init)
    __arm_cp.0_4                             0x080019f8   Number         4  uart.o(.text.com_gpio_init)
    [Anonymous Symbol]                       0x080019fc   Section        0  uart.o(.text.com_usart_init)
    __arm_cp.3_0                             0x08001a60   Number         4  uart.o(.text.com_usart_init)
    __arm_cp.3_1                             0x08001a64   Number         4  uart.o(.text.com_usart_init)
    [Anonymous Symbol]                       0x08001a68   Section        0  system.o(.text.data_handle)
    __arm_cp.5_0                             0x08001bac   Number         4  system.o(.text.data_handle)
    __arm_cp.5_1                             0x08001bb0   Number         4  system.o(.text.data_handle)
    __arm_cp.5_2                             0x08001bb4   Number         4  system.o(.text.data_handle)
    __arm_cp.5_3                             0x08001bb8   Number         4  system.o(.text.data_handle)
    data_point_handle                        0x08001bbd   Thumb Code   124  system.o(.text.data_point_handle)
    [Anonymous Symbol]                       0x08001bbc   Section        0  system.o(.text.data_point_handle)
    __arm_cp.9_0                             0x08001c34   Number         4  system.o(.text.data_point_handle)
    [Anonymous Symbol]                       0x08001c38   Section        0  systick.o(.text.delay_1us)
    __arm_cp.1_0                             0x08001ca8   Number         4  systick.o(.text.delay_1us)
    [Anonymous Symbol]                       0x08001cac   Section        0  systick.o(.text.delay_ms)
    __arm_cp.2_0                             0x08001d1c   Number         4  systick.o(.text.delay_ms)
    __arm_cp.2_1                             0x08001d20   Number         4  systick.o(.text.delay_ms)
    __arm_cp.2_2                             0x08001d24   Number         4  systick.o(.text.delay_ms)
    __arm_cp.2_3                             0x08001d28   Number         4  systick.o(.text.delay_ms)
    [Anonymous Symbol]                       0x08001d2c   Section        0  oled.o(.text.display_tm)
    __arm_cp.12_0                            0x08001e84   Number         4  oled.o(.text.display_tm)
    __arm_cp.12_1                            0x08001e88   Number         4  oled.o(.text.display_tm)
    __arm_cp.12_2                            0x08001e8c   Number         4  oled.o(.text.display_tm)
    __arm_cp.12_3                            0x08001e90   Number         4  oled.o(.text.display_tm)
    __arm_cp.12_4                            0x08001e94   Number         4  oled.o(.text.display_tm)
    __arm_cp.12_5                            0x08001e98   Number         4  oled.o(.text.display_tm)
    __arm_cp.12_7                            0x08001e9c   Number         4  oled.o(.text.display_tm)
    __arm_cp.12_8                            0x08001ea0   Number         4  oled.o(.text.display_tm)
    dp_download_gongneng_handle              0x08001ea5   Thumb Code   132  protocol.o(.text.dp_download_gongneng_handle)
    [Anonymous Symbol]                       0x08001ea4   Section        0  protocol.o(.text.dp_download_gongneng_handle)
    __arm_cp.3_0                             0x08001f24   Number         4  protocol.o(.text.dp_download_gongneng_handle)
    [Anonymous Symbol]                       0x08001f28   Section        0  protocol.o(.text.dp_download_handle)
    [Anonymous Symbol]                       0x08001f5c   Section        0  gd32e23x_exti.o(.text.exti_interrupt_flag_clear)
    [Anonymous Symbol]                       0x08001f6c   Section        0  gd32e23x_exti.o(.text.exti_interrupt_flag_get)
    __arm_cp.10_0                            0x08001fac   Number         4  gd32e23x_exti.o(.text.exti_interrupt_flag_get)
    __arm_cp.10_1                            0x08001fb0   Number         4  gd32e23x_exti.o(.text.exti_interrupt_flag_get)
    [Anonymous Symbol]                       0x08001fb4   Section        0  uart.o(.text.fputc)
    __arm_cp.4_0                             0x08001fe0   Number         4  uart.o(.text.fputc)
    __arm_cp.4_1                             0x08001fe4   Number         4  uart.o(.text.fputc)
    [Anonymous Symbol]                       0x08001fe8   Section        0  system.o(.text.get_check_sum)
    get_dowmload_dpid_index                  0x08002031   Thumb Code    88  system.o(.text.get_dowmload_dpid_index)
    [Anonymous Symbol]                       0x08002030   Section        0  system.o(.text.get_dowmload_dpid_index)
    __arm_cp.12_0                            0x08002084   Number         4  system.o(.text.get_dowmload_dpid_index)
    [Anonymous Symbol]                       0x08002088   Section        0  protocol.o(.text.get_download_cmd_total)
    get_mcu_wifi_mode                        0x0800208d   Thumb Code    24  system.o(.text.get_mcu_wifi_mode)
    [Anonymous Symbol]                       0x0800208c   Section        0  system.o(.text.get_mcu_wifi_mode)
    [Anonymous Symbol]                       0x080020a4   Section        0  gd32e23x_gpio.o(.text.gpio_af_set)
    [Anonymous Symbol]                       0x08002168   Section        0  gd32e23x_gpio.o(.text.gpio_bit_reset)
    [Anonymous Symbol]                       0x08002178   Section        0  gd32e23x_gpio.o(.text.gpio_bit_set)
    [Anonymous Symbol]                       0x08002188   Section        0  oc.o(.text.gpio_configuration)
    [Anonymous Symbol]                       0x080021ba   Section        0  gd32e23x_gpio.o(.text.gpio_input_bit_get)
    [Anonymous Symbol]                       0x080021e4   Section        0  gd32e23x_gpio.o(.text.gpio_mode_set)
    [Anonymous Symbol]                       0x08002274   Section        0  gd32e23x_gpio.o(.text.gpio_output_options_set)
    heat_beat_check                          0x08002305   Thumb Code    92  system.o(.text.heat_beat_check)
    [Anonymous Symbol]                       0x08002304   Section        0  system.o(.text.heat_beat_check)
    __arm_cp.6_0                             0x0800235c   Number         4  system.o(.text.heat_beat_check)
    [Anonymous Symbol]                       0x08002360   Section        0  main.o(.text.main)
    __arm_cp.0_0                             0x080023f8   Number         4  main.o(.text.main)
    __arm_cp.0_1                             0x080023fc   Number         4  main.o(.text.main)
    __arm_cp.0_2                             0x08002400   Number         4  main.o(.text.main)
    __arm_cp.0_3                             0x08002404   Number         4  main.o(.text.main)
    [Anonymous Symbol]                       0x08002408   Section        0  mcu_api.o(.text.mcu_dp_bool_update)
    [Anonymous Symbol]                       0x080024c0   Section        0  mcu_api.o(.text.mcu_dp_string_update)
    [Anonymous Symbol]                       0x08002558   Section        0  mcu_api.o(.text.mcu_dp_value_update)
    __arm_cp.10_0                            0x0800260c   Number         4  mcu_api.o(.text.mcu_dp_value_update)
    [Anonymous Symbol]                       0x08002610   Section        0  mcu_api.o(.text.mcu_get_dp_download_bool)
    [Anonymous Symbol]                       0x08002622   Section        0  protocol.o(.text.mcu_get_greentime)
    [Anonymous Symbol]                       0x08002638   Section        0  mcu_api.o(.text.my_memcpy)
    [Anonymous Symbol]                       0x080026e6   Section        0  mcu_api.o(.text.my_strlen)
    [Anonymous Symbol]                       0x08002724   Section        0  oc.o(.text.nvic_configuration)
    [Anonymous Symbol]                       0x08002730   Section        0  gd32e23x_misc.o(.text.nvic_irq_enable)
    [Anonymous Symbol]                       0x08002764   Section        0  gd32e23x_misc.o(.text.nvic_vector_table_set)
    __arm_cp.7_0                             0x0800277c   Number         4  gd32e23x_misc.o(.text.nvic_vector_table_set)
    __arm_cp.7_1                             0x08002780   Number         4  gd32e23x_misc.o(.text.nvic_vector_table_set)
    [Anonymous Symbol]                       0x08002784   Section        0  oc.o(.text.oc_init)
    product_info_update                      0x08002795   Thumb Code   260  system.o(.text.product_info_update)
    [Anonymous Symbol]                       0x08002794   Section        0  system.o(.text.product_info_update)
    __arm_cp.7_0                             0x0800287c   Number         4  system.o(.text.product_info_update)
    __arm_cp.7_1                             0x08002880   Number         4  system.o(.text.product_info_update)
    __arm_cp.7_2                             0x08002884   Number         4  system.o(.text.product_info_update)
    __arm_cp.7_3                             0x08002888   Number         4  system.o(.text.product_info_update)
    __arm_cp.7_4                             0x0800288c   Number         4  system.o(.text.product_info_update)
    __arm_cp.7_5                             0x08002890   Number         4  system.o(.text.product_info_update)
    __arm_cp.7_6                             0x08002894   Number         4  system.o(.text.product_info_update)
    [Anonymous Symbol]                       0x08002898   Section        0  gd32e23x_rcu.o(.text.rcu_clock_freq_get)
    __arm_cp.38_0                            0x08002b78   Number         4  gd32e23x_rcu.o(.text.rcu_clock_freq_get)
    __arm_cp.38_1                            0x08002b7c   Number         4  gd32e23x_rcu.o(.text.rcu_clock_freq_get)
    __arm_cp.38_2                            0x08002b80   Number         4  gd32e23x_rcu.o(.text.rcu_clock_freq_get)
    __arm_cp.38_3                            0x08002b84   Number         4  gd32e23x_rcu.o(.text.rcu_clock_freq_get)
    __arm_cp.38_4                            0x08002b88   Number         4  gd32e23x_rcu.o(.text.rcu_clock_freq_get)
    __arm_cp.38_5                            0x08002b8c   Number         4  gd32e23x_rcu.o(.text.rcu_clock_freq_get)
    __arm_cp.38_6                            0x08002b90   Number         4  gd32e23x_rcu.o(.text.rcu_clock_freq_get)
    __arm_cp.38_7                            0x08002b94   Number         4  gd32e23x_rcu.o(.text.rcu_clock_freq_get)
    __arm_cp.38_8                            0x08002b98   Number         4  gd32e23x_rcu.o(.text.rcu_clock_freq_get)
    [Anonymous Symbol]                       0x08002b9c   Section        0  gd32e23x_rcu.o(.text.rcu_periph_clock_enable)
    [Anonymous Symbol]                       0x08002bc0   Section        0  gd32e23x_rcu.o(.text.rcu_periph_reset_disable)
    [Anonymous Symbol]                       0x08002be4   Section        0  gd32e23x_rcu.o(.text.rcu_periph_reset_enable)
    [Anonymous Symbol]                       0x08002c08   Section        0  irsend.o(.text.send_ir)
    __arm_cp.1_0                             0x08002c14   Number         4  irsend.o(.text.send_ir)
    [Anonymous Symbol]                       0x08002c18   Section        0  irsend.o(.text.send_ir1)
    __arm_cp.0_0                             0x08002cf4   Number         4  irsend.o(.text.send_ir1)
    __arm_cp.0_1                             0x08002cf8   Number         4  irsend.o(.text.send_ir1)
    __arm_cp.0_2                             0x08002cfc   Number         4  irsend.o(.text.send_ir1)
    __arm_cp.0_3                             0x08002d00   Number         4  irsend.o(.text.send_ir1)
    [Anonymous Symbol]                       0x08002d04   Section        0  system.o(.text.set_wifi_uart_buffer)
    [Anonymous Symbol]                       0x08002d4c   Section        0  system.o(.text.set_wifi_uart_byte)
    __arm_cp.0_0                             0x08002d78   Number         4  system.o(.text.set_wifi_uart_byte)
    system_clock_72m_hxtal                   0x08002d7d   Thumb Code   228  system_gd32e23x.o(.text.system_clock_72m_hxtal)
    [Anonymous Symbol]                       0x08002d7c   Section        0  system_gd32e23x.o(.text.system_clock_72m_hxtal)
    __arm_cp.3_0                             0x08002e4c   Number         4  system_gd32e23x.o(.text.system_clock_72m_hxtal)
    __arm_cp.3_1                             0x08002e50   Number         4  system_gd32e23x.o(.text.system_clock_72m_hxtal)
    __arm_cp.3_2                             0x08002e54   Number         4  system_gd32e23x.o(.text.system_clock_72m_hxtal)
    __arm_cp.3_3                             0x08002e58   Number         4  system_gd32e23x.o(.text.system_clock_72m_hxtal)
    __arm_cp.3_4                             0x08002e5c   Number         4  system_gd32e23x.o(.text.system_clock_72m_hxtal)
    system_clock_config                      0x08002e61   Thumb Code     8  system_gd32e23x.o(.text.system_clock_config)
    [Anonymous Symbol]                       0x08002e60   Section        0  system_gd32e23x.o(.text.system_clock_config)
    [Anonymous Symbol]                       0x08002e68   Section        0  systick.o(.text.systick_config)
    __arm_cp.0_0                             0x08002e8c   Number         4  systick.o(.text.systick_config)
    __arm_cp.0_1                             0x08002e90   Number         4  systick.o(.text.systick_config)
    __arm_cp.0_2                             0x08002e94   Number         4  systick.o(.text.systick_config)
    __arm_cp.0_3                             0x08002e98   Number         4  systick.o(.text.systick_config)
    __arm_cp.0_4                             0x08002e9c   Number         4  systick.o(.text.systick_config)
    [Anonymous Symbol]                       0x08002ea0   Section        0  system.o(.text.take_byte_rxbuff)
    __arm_cp.11_0                            0x08002ee0   Number         4  system.o(.text.take_byte_rxbuff)
    __arm_cp.11_1                            0x08002ee4   Number         4  system.o(.text.take_byte_rxbuff)
    __arm_cp.11_2                            0x08002ee8   Number         4  system.o(.text.take_byte_rxbuff)
    [Anonymous Symbol]                       0x08002eec   Section        0  gd32e23x_timer.o(.text.timer_auto_reload_shadow_enable)
    [Anonymous Symbol]                       0x08002f00   Section        0  gd32e23x_timer.o(.text.timer_channel_input_capture_prescaler_config)
    [Anonymous Symbol]                       0x08002fa2   Section        0  gd32e23x_timer.o(.text.timer_channel_input_struct_para_init)
    [Anonymous Symbol]                       0x08002fc0   Section        0  gd32e23x_timer.o(.text.timer_channel_output_config)
    __arm_cp.42_0                            0x080032a4   Number         4  gd32e23x_timer.o(.text.timer_channel_output_config)
    __arm_cp.42_1                            0x080032a8   Number         4  gd32e23x_timer.o(.text.timer_channel_output_config)
    __arm_cp.42_2                            0x080032ac   Number         4  gd32e23x_timer.o(.text.timer_channel_output_config)
    __arm_cp.42_3                            0x080032b0   Number         4  gd32e23x_timer.o(.text.timer_channel_output_config)
    [Anonymous Symbol]                       0x080032b4   Section        0  gd32e23x_timer.o(.text.timer_channel_output_mode_config)
    [Anonymous Symbol]                       0x08003358   Section        0  gd32e23x_timer.o(.text.timer_channel_output_pulse_value_config)
    [Anonymous Symbol]                       0x080033b0   Section        0  gd32e23x_timer.o(.text.timer_channel_output_shadow_config)
    [Anonymous Symbol]                       0x08003452   Section        0  gd32e23x_timer.o(.text.timer_channel_output_struct_para_init)
    [Anonymous Symbol]                       0x08003474   Section        0  irsend.o(.text.timer_config)
    __arm_cp.2_0                             0x0800352c   Number         4  irsend.o(.text.timer_config)
    [Anonymous Symbol]                       0x08003530   Section        0  oc.o(.text.timer_configuration)
    __arm_cp.2_1                             0x080035b0   Number         4  oc.o(.text.timer_configuration)
    __arm_cp.2_2                             0x080035b4   Number         4  oc.o(.text.timer_configuration)
    [Anonymous Symbol]                       0x080035b8   Section        0  gd32e23x_timer.o(.text.timer_counter_read)
    [Anonymous Symbol]                       0x080035cc   Section        0  gd32e23x_timer.o(.text.timer_counter_value_config)
    [Anonymous Symbol]                       0x080035e0   Section        0  gd32e23x_timer.o(.text.timer_deinit)
    __arm_cp.0_1                             0x080036a8   Number         4  gd32e23x_timer.o(.text.timer_deinit)
    __arm_cp.0_7                             0x080036ac   Number         4  gd32e23x_timer.o(.text.timer_deinit)
    __arm_cp.0_8                             0x080036b0   Number         4  gd32e23x_timer.o(.text.timer_deinit)
    __arm_cp.0_9                             0x080036b4   Number         4  gd32e23x_timer.o(.text.timer_deinit)
    __arm_cp.0_10                            0x080036b8   Number         4  gd32e23x_timer.o(.text.timer_deinit)
    __arm_cp.0_11                            0x080036bc   Number         4  gd32e23x_timer.o(.text.timer_deinit)
    [Anonymous Symbol]                       0x080036c0   Section        0  gd32e23x_timer.o(.text.timer_disable)
    [Anonymous Symbol]                       0x080036d2   Section        0  gd32e23x_timer.o(.text.timer_enable)
    [Anonymous Symbol]                       0x080036e4   Section        0  gd32e23x_timer.o(.text.timer_init)
    __arm_cp.2_0                             0x080037c8   Number         4  gd32e23x_timer.o(.text.timer_init)
    __arm_cp.2_1                             0x080037cc   Number         4  gd32e23x_timer.o(.text.timer_init)
    __arm_cp.2_2                             0x080037d0   Number         4  gd32e23x_timer.o(.text.timer_init)
    __arm_cp.2_3                             0x080037d4   Number         4  gd32e23x_timer.o(.text.timer_init)
    __arm_cp.2_4                             0x080037d8   Number         4  gd32e23x_timer.o(.text.timer_init)
    __arm_cp.2_5                             0x080037dc   Number         4  gd32e23x_timer.o(.text.timer_init)
    [Anonymous Symbol]                       0x080037e0   Section        0  gd32e23x_timer.o(.text.timer_input_capture_config)
    [Anonymous Symbol]                       0x080039a2   Section        0  gd32e23x_timer.o(.text.timer_interrupt_enable)
    [Anonymous Symbol]                       0x080039b6   Section        0  gd32e23x_timer.o(.text.timer_interrupt_flag_clear)
    [Anonymous Symbol]                       0x080039c8   Section        0  gd32e23x_timer.o(.text.timer_interrupt_flag_get)
    [Anonymous Symbol]                       0x08003a04   Section        0  gd32e23x_timer.o(.text.timer_struct_para_init)
    __arm_cp.1_0                             0x08003a28   Number         4  gd32e23x_timer.o(.text.timer_struct_para_init)
    [Anonymous Symbol]                       0x08003a2c   Section        0  mcu_api.o(.text.uart_receive_input)
    [Anonymous Symbol]                       0x08003a90   Section        0  protocol.o(.text.uart_transmit_output)
    [Anonymous Symbol]                       0x08003aa8   Section        0  gd32e23x_usart.o(.text.usart_baudrate_set)
    __arm_cp.1_2                             0x08003b54   Number         4  gd32e23x_usart.o(.text.usart_baudrate_set)
    [Anonymous Symbol]                       0x08003b58   Section        0  gd32e23x_usart.o(.text.usart_data_receive)
    [Anonymous Symbol]                       0x08003b68   Section        0  gd32e23x_usart.o(.text.usart_data_transmit)
    __arm_cp.18_0                            0x08003b7c   Number         4  gd32e23x_usart.o(.text.usart_data_transmit)
    [Anonymous Symbol]                       0x08003b80   Section        0  gd32e23x_usart.o(.text.usart_deinit)
    __arm_cp.0_1                             0x08003bc4   Number         4  gd32e23x_usart.o(.text.usart_deinit)
    __arm_cp.0_2                             0x08003bc8   Number         4  gd32e23x_usart.o(.text.usart_deinit)
    __arm_cp.0_3                             0x08003bcc   Number         4  gd32e23x_usart.o(.text.usart_deinit)
    [Anonymous Symbol]                       0x08003bd0   Section        0  gd32e23x_usart.o(.text.usart_enable)
    [Anonymous Symbol]                       0x08003be2   Section        0  gd32e23x_usart.o(.text.usart_flag_get)
    [Anonymous Symbol]                       0x08003c1c   Section        0  gd32e23x_usart.o(.text.usart_interrupt_enable)
    [Anonymous Symbol]                       0x08003c42   Section        0  gd32e23x_usart.o(.text.usart_interrupt_flag_get)
    [Anonymous Symbol]                       0x08003ca8   Section        0  gd32e23x_usart.o(.text.usart_receive_config)
    [Anonymous Symbol]                       0x08003cc6   Section        0  gd32e23x_usart.o(.text.usart_transmit_config)
    [Anonymous Symbol]                       0x08003ce4   Section        0  uart.o(.text.w_puter)
    __arm_cp.5_0                             0x08003d18   Number         4  uart.o(.text.w_puter)
    __arm_cp.5_1                             0x08003d1c   Number         4  uart.o(.text.w_puter)
    [Anonymous Symbol]                       0x08003d20   Section        0  mcu_api.o(.text.wifi_protocol_init)
    __arm_cp.20_0                            0x08003d38   Number         4  mcu_api.o(.text.wifi_protocol_init)
    __arm_cp.20_1                            0x08003d3c   Number         4  mcu_api.o(.text.wifi_protocol_init)
    __arm_cp.20_2                            0x08003d40   Number         4  mcu_api.o(.text.wifi_protocol_init)
    __arm_cp.20_3                            0x08003d44   Number         4  mcu_api.o(.text.wifi_protocol_init)
    __arm_cp.20_4                            0x08003d48   Number         4  mcu_api.o(.text.wifi_protocol_init)
    [Anonymous Symbol]                       0x08003d4c   Section        0  mcu_api.o(.text.wifi_uart_service)
    __arm_cp.19_0                            0x08003ed4   Number         4  mcu_api.o(.text.wifi_uart_service)
    __arm_cp.19_1                            0x08003ed8   Number         4  mcu_api.o(.text.wifi_uart_service)
    wifi_uart_write_data                     0x08003edd   Thumb Code    68  system.o(.text.wifi_uart_write_data)
    [Anonymous Symbol]                       0x08003edc   Section        0  system.o(.text.wifi_uart_write_data)
    [Anonymous Symbol]                       0x08003f20   Section        0  system.o(.text.wifi_uart_write_frame)
    __arm_cp.3_0                             0x08003f94   Number         4  system.o(.text.wifi_uart_write_frame)
    [Anonymous Symbol]                       0x08003f98   Section        0  system.o(.text.with_data_rxbuff)
    __arm_cp.10_0                            0x08003fc0   Number         4  system.o(.text.with_data_rxbuff)
    __arm_cp.10_1                            0x08003fc4   Number         4  system.o(.text.with_data_rxbuff)
    i.__0printf                              0x08003fc8   Section        0  printfa.o(i.__0printf)
    i.__0sprintf                             0x08003fe8   Section        0  printfa.o(i.__0sprintf)
    i.__ARM_clz                              0x08004010   Section        0  depilogue.o(i.__ARM_clz)
    i.__scatterload_copy                     0x0800403e   Section       14  handlers.o(i.__scatterload_copy)
    i.__scatterload_null                     0x0800404c   Section        2  handlers.o(i.__scatterload_null)
    i.__scatterload_zeroinit                 0x0800404e   Section       14  handlers.o(i.__scatterload_zeroinit)
    _fp_digits                               0x0800405d   Thumb Code   344  printfa.o(i._fp_digits)
    i._fp_digits                             0x0800405c   Section        0  printfa.o(i._fp_digits)
    _printf_core                             0x080041d1   Thumb Code  1754  printfa.o(i._printf_core)
    i._printf_core                           0x080041d0   Section        0  printfa.o(i._printf_core)
    _printf_post_padding                     0x080048bd   Thumb Code    32  printfa.o(i._printf_post_padding)
    i._printf_post_padding                   0x080048bc   Section        0  printfa.o(i._printf_post_padding)
    _printf_pre_padding                      0x080048dd   Thumb Code    44  printfa.o(i._printf_pre_padding)
    i._printf_pre_padding                    0x080048dc   Section        0  printfa.o(i._printf_pre_padding)
    _sputc                                   0x08004909   Thumb Code    10  printfa.o(i._sputc)
    i._sputc                                 0x08004908   Section        0  printfa.o(i._sputc)
    .L.str                                   0x08004f0a   Data           5  gd32e23x_it.o(.rodata.str1.1)
    [Anonymous Symbol]                       0x08004f0a   Section        0  gd32e23x_it.o(.rodata.str1.1)
    .L.str.2                                 0x08004f0f   Data           5  gd32e23x_it.o(.rodata.str1.1)
    .L.str.1                                 0x08004f14   Data           4  gd32e23x_it.o(.rodata.str1.1)
    .L.str                                   0x08004f18   Data           7  system.o(.rodata.str1.1)
    [Anonymous Symbol]                       0x08004f18   Section        0  system.o(.rodata.str1.1)
    .L.str.2                                 0x08004f1f   Data           8  system.o(.rodata.str1.1)
    .L.str.3                                 0x08004f27   Data           6  system.o(.rodata.str1.1)
    .L.str.5                                 0x08004f2b   Data           2  system.o(.rodata.str1.1)
    .L.str.4                                 0x08004f2d   Data           7  system.o(.rodata.str1.1)
    .L.str.1                                 0x08004f34   Data          17  system.o(.rodata.str1.1)
    .L.str.6                                 0x08004f45   Data           2  system.o(.rodata.str1.1)
    .L.str                                   0x08004f47   Data          23  sht30.o(.rodata.str1.1)
    [Anonymous Symbol]                       0x08004f47   Section        0  sht30.o(.rodata.str1.1)
    .L.str.1                                 0x08004f5e   Data           8  oled.o(.rodata.str1.1)
    [Anonymous Symbol]                       0x08004f5e   Section        0  oled.o(.rodata.str1.1)
    .L.str                                   0x08004f66   Data           6  oled.o(.rodata.str1.1)
    .L.str.2                                 0x08004f6c   Data           5  oled.o(.rodata.str1.1)
    .data                                    0x20000000   Section        4  stdout.o(.data)
    TIMER13_IRQHandler.count                 0x20000358   Data           4  gd32e23x_it.o(.bss.TIMER13_IRQHandler.count)
    [Anonymous Symbol]                       0x20000358   Section        0  gd32e23x_it.o(.bss.TIMER13_IRQHandler.count)
    TIMER13_IRQHandler.fl                    0x2000035c   Data           1  gd32e23x_it.o(.bss.TIMER13_IRQHandler.fl)
    [Anonymous Symbol]                       0x2000035c   Section        0  gd32e23x_it.o(.bss.TIMER13_IRQHandler.fl)
    TIMER13_IRQHandler.k                     0x2000035d   Data           1  gd32e23x_it.o(.bss.TIMER13_IRQHandler.k)
    [Anonymous Symbol]                       0x2000035d   Section        0  gd32e23x_it.o(.bss.TIMER13_IRQHandler.k)
    count_1ms                                0x20000360   Data           4  systick.o(.bss.count_1ms)
    [Anonymous Symbol]                       0x20000360   Section        0  systick.o(.bss.count_1ms)
    count_1us                                0x20000364   Data           4  systick.o(.bss.count_1us)
    [Anonymous Symbol]                       0x20000364   Section        0  systick.o(.bss.count_1us)
    heat_beat_check.mcu_reset_state          0x20000368   Data           1  system.o(.bss.heat_beat_check.mcu_reset_state)
    [Anonymous Symbol]                       0x20000368   Section        0  system.o(.bss.heat_beat_check.mcu_reset_state)
    wifi_uart_service.rx_in                  0x20000408   Data           2  mcu_api.o(.bss.wifi_uart_service.rx_in)
    [Anonymous Symbol]                       0x20000408   Section        0  mcu_api.o(.bss.wifi_uart_service.rx_in)
    STACK                                    0x20000448   Section     1024  startup_gd32e23x.o(STACK)

    Global Symbols

    Symbol Name                              Value     Ov Type        Size  Object(Section)

    BuildAttributes$$THM_ISAv3M$S$8M$PE$A:L22$X:L11$S22$IEEE1$IW$~IW$USESV6$~STKCKD$USESV7$~SHL$OTIME$ROPI$EBA8$MICROLIB$REQ8$PRES8$EABIv2 0x00000000   Number         0  anon$$obj.o ABSOLUTE
    __cpp_initialize__aeabi_                  - Undefined Weak Reference
    __cxa_finalize                            - Undefined Weak Reference
    _clock_init                               - Undefined Weak Reference
    _microlib_exit                            - Undefined Weak Reference
    __Vectors_Size                           0x000000cc   Number         0  startup_gd32e23x.o ABSOLUTE
    __Vectors                                0x08000000   Data           4  startup_gd32e23x.o(RESET)
    __Vectors_End                            0x080000cc   Data           0  startup_gd32e23x.o(RESET)
    __main                                   0x080000cd   Thumb Code     0  entry.o(.ARM.Collect$$$$00000000)
    _main_stk                                0x080000cd   Thumb Code     0  entry2.o(.ARM.Collect$$$$00000001)
    _main_scatterload                        0x080000d1   Thumb Code     0  entry5.o(.ARM.Collect$$$$00000004)
    __main_after_scatterload                 0x080000d5   Thumb Code     0  entry5.o(.ARM.Collect$$$$00000004)
    _main_clock                              0x080000d5   Thumb Code     0  entry7b.o(.ARM.Collect$$$$00000008)
    _main_cpp_init                           0x080000d5   Thumb Code     0  entry8b.o(.ARM.Collect$$$$0000000A)
    _main_init                               0x080000d5   Thumb Code     0  entry9a.o(.ARM.Collect$$$$0000000B)
    __rt_final_cpp                           0x080000dd   Thumb Code     0  entry10a.o(.ARM.Collect$$$$0000000D)
    __rt_final_exit                          0x080000dd   Thumb Code     0  entry11a.o(.ARM.Collect$$$$0000000F)
    Reset_Handler                            0x080000e1   Thumb Code     8  startup_gd32e23x.o(.text)
    ADC_CMP_IRQHandler                       0x080000f3   Thumb Code     0  startup_gd32e23x.o(.text)
    DMA_Channel0_IRQHandler                  0x080000f3   Thumb Code     0  startup_gd32e23x.o(.text)
    DMA_Channel1_2_IRQHandler                0x080000f3   Thumb Code     0  startup_gd32e23x.o(.text)
    DMA_Channel3_4_IRQHandler                0x080000f3   Thumb Code     0  startup_gd32e23x.o(.text)
    EXTI2_3_IRQHandler                       0x080000f3   Thumb Code     0  startup_gd32e23x.o(.text)
    FMC_IRQHandler                           0x080000f3   Thumb Code     0  startup_gd32e23x.o(.text)
    I2C0_ER_IRQHandler                       0x080000f3   Thumb Code     0  startup_gd32e23x.o(.text)
    I2C0_EV_IRQHandler                       0x080000f3   Thumb Code     0  startup_gd32e23x.o(.text)
    I2C1_ER_IRQHandler                       0x080000f3   Thumb Code     0  startup_gd32e23x.o(.text)
    I2C1_EV_IRQHandler                       0x080000f3   Thumb Code     0  startup_gd32e23x.o(.text)
    LVD_IRQHandler                           0x080000f3   Thumb Code     0  startup_gd32e23x.o(.text)
    RCU_IRQHandler                           0x080000f3   Thumb Code     0  startup_gd32e23x.o(.text)
    RTC_IRQHandler                           0x080000f3   Thumb Code     0  startup_gd32e23x.o(.text)
    SPI0_IRQHandler                          0x080000f3   Thumb Code     0  startup_gd32e23x.o(.text)
    SPI1_IRQHandler                          0x080000f3   Thumb Code     0  startup_gd32e23x.o(.text)
    TIMER0_BRK_UP_TRG_COM_IRQHandler         0x080000f3   Thumb Code     0  startup_gd32e23x.o(.text)
    TIMER0_Channel_IRQHandler                0x080000f3   Thumb Code     0  startup_gd32e23x.o(.text)
    TIMER14_IRQHandler                       0x080000f3   Thumb Code     0  startup_gd32e23x.o(.text)
    TIMER15_IRQHandler                       0x080000f3   Thumb Code     0  startup_gd32e23x.o(.text)
    TIMER16_IRQHandler                       0x080000f3   Thumb Code     0  startup_gd32e23x.o(.text)
    TIMER2_IRQHandler                        0x080000f3   Thumb Code     0  startup_gd32e23x.o(.text)
    TIMER5_IRQHandler                        0x080000f3   Thumb Code     0  startup_gd32e23x.o(.text)
    USART0_IRQHandler                        0x080000f3   Thumb Code     0  startup_gd32e23x.o(.text)
    WWDGT_IRQHandler                         0x080000f3   Thumb Code     0  startup_gd32e23x.o(.text)
    __aeabi_fmul                             0x080000fd   Thumb Code   122  fmul.o(.text)
    __aeabi_fdiv                             0x08000177   Thumb Code   124  fdiv.o(.text)
    __aeabi_dadd                             0x080001f5   Thumb Code   328  dadd.o(.text)
    __aeabi_dsub                             0x0800033d   Thumb Code    12  dadd.o(.text)
    __aeabi_drsub                            0x08000349   Thumb Code    12  dadd.o(.text)
    __aeabi_dmul                             0x08000359   Thumb Code   202  dmul.o(.text)
    __aeabi_ddiv                             0x08000429   Thumb Code   234  ddiv.o(.text)
    __aeabi_dcmplt                           0x08000519   Thumb Code    44  dcmplt.o(.text)
    __aeabi_dcmpgt                           0x08000545   Thumb Code    44  dcmpgt.o(.text)
    __aeabi_ui2f                             0x08000571   Thumb Code    14  ffltui.o(.text)
    __aeabi_ui2d                             0x08000581   Thumb Code    24  dfltui.o(.text)
    __aeabi_f2uiz                            0x0800059d   Thumb Code    40  ffixui.o(.text)
    __aeabi_d2uiz                            0x080005c5   Thumb Code    50  dfixui.o(.text)
    __aeabi_uidiv                            0x08000601   Thumb Code     0  uidiv.o(.text)
    __aeabi_uidivmod                         0x08000601   Thumb Code    44  uidiv.o(.text)
    __aeabi_uldivmod                         0x0800062d   Thumb Code    96  uldiv.o(.text)
    __aeabi_llsl                             0x0800068d   Thumb Code    32  llshl.o(.text)
    _ll_shift_l                              0x0800068d   Thumb Code     0  llshl.o(.text)
    __aeabi_llsr                             0x080006ad   Thumb Code    34  llushr.o(.text)
    _ll_ushift_r                             0x080006ad   Thumb Code     0  llushr.o(.text)
    __aeabi_lasr                             0x080006cf   Thumb Code    38  llsshr.o(.text)
    _ll_sshift_r                             0x080006cf   Thumb Code     0  llsshr.o(.text)
    __I$use$fp                               0x080006f5   Thumb Code     0  iusefp.o(.text)
    _float_round                             0x080006f5   Thumb Code    16  fepilogue.o(.text)
    _float_epilogue                          0x08000705   Thumb Code   114  fepilogue.o(.text)
    _double_round                            0x08000777   Thumb Code    26  depilogue.o(.text)
    _double_epilogue                         0x08000791   Thumb Code   164  depilogue.o(.text)
    __aeabi_d2ulz                            0x08000835   Thumb Code    54  dfixul.o(.text)
    __aeabi_cdrcmple                         0x08000875   Thumb Code    38  cdrcmple.o(.text)
    __scatterload                            0x0800089d   Thumb Code    28  init.o(.text)
    __scatterload_rt2                        0x0800089d   Thumb Code     0  init.o(.text)
    __decompress                             0x080008c1   Thumb Code     0  __dczerorl2.o(.text)
    __decompress1                            0x080008c1   Thumb Code    86  __dczerorl2.o(.text)
    CheckCrc8                                0x08000917   Thumb Code   144  sht30.o(.text.CheckCrc8)
    EXTI0_1_IRQHandler                       0x080009a7   Thumb Code    24  gd32e23x_it.o(.text.EXTI0_1_IRQHandler)
    EXTI4_15_IRQHandler                      0x080009bf   Thumb Code    24  gd32e23x_it.o(.text.EXTI4_15_IRQHandler)
    HardFault_Handler                        0x080009d7   Thumb Code     4  gd32e23x_it.o(.text.HardFault_Handler)
    IIC_ACK                                  0x080009db   Thumb Code   108  myiic.o(.text.IIC_ACK)
    IIC_Init                                 0x08000a47   Thumb Code    70  myiic.o(.text.IIC_Init)
    IIC_NACK                                 0x08000a8d   Thumb Code   108  myiic.o(.text.IIC_NACK)
    IIC_RcvByte                              0x08000af9   Thumb Code   160  myiic.o(.text.IIC_RcvByte)
    IIC_SendByte                             0x08000b99   Thumb Code   184  myiic.o(.text.IIC_SendByte)
    IIC_Start                                0x08000c51   Thumb Code    90  myiic.o(.text.IIC_Start)
    IIC_Stop                                 0x08000cab   Thumb Code    96  myiic.o(.text.IIC_Stop)
    IIC_wait_ACK                             0x08000d0b   Thumb Code   234  myiic.o(.text.IIC_wait_ACK)
    NMI_Handler                              0x08000df5   Thumb Code     2  gd32e23x_it.o(.text.NMI_Handler)
    OLED_Clear                               0x08000df7   Thumb Code   106  oled.o(.text.OLED_Clear)
    OLED_Display_On                          0x08000e61   Thumb Code    34  oled.o(.text.OLED_Display_On)
    OLED_Init                                0x08000e85   Thumb Code   456  oled.o(.text.OLED_Init)
    OLED_Set_Pos                             0x0800104d   Thumb Code    72  oled.o(.text.OLED_Set_Pos)
    OLED_ShowCHinese                         0x08001095   Thumb Code   196  oled.o(.text.OLED_ShowCHinese)
    OLED_ShowChar                            0x08001159   Thumb Code   204  oled.o(.text.OLED_ShowChar)
    OLED_ShowString                          0x08001225   Thumb Code   114  oled.o(.text.OLED_ShowString)
    OLED_WR_Byte                             0x08001299   Thumb Code   164  oled.o(.text.OLED_WR_Byte)
    PendSV_Handler                           0x0800133d   Thumb Code     2  gd32e23x_it.o(.text.PendSV_Handler)
    SHT3x_Get_Humiture_single                0x08001341   Thumb Code   380  sht30.o(.text.SHT3x_Get_Humiture_single)
    SVC_Handler                              0x080015a5   Thumb Code     2  gd32e23x_it.o(.text.SVC_Handler)
    SysTick_Handler                          0x080015a7   Thumb Code     2  gd32e23x_it.o(.text.SysTick_Handler)
    SystemInit                               0x080015a9   Thumb Code   172  system_gd32e23x.o(.text.SystemInit)
    TIMER13_IRQHandler                       0x08001655   Thumb Code   292  gd32e23x_it.o(.text.TIMER13_IRQHandler)
    USART1_IRQHandler                        0x08001779   Thumb Code    36  gd32e23x_it.o(.text.USART1_IRQHandler)
    all_data_update                          0x08001859   Thumb Code   116  protocol.o(.text.all_data_update)
    com_gpio_init                            0x080018cd   Thumb Code   304  uart.o(.text.com_gpio_init)
    com_usart_init                           0x080019fd   Thumb Code   108  uart.o(.text.com_usart_init)
    data_handle                              0x08001a69   Thumb Code   340  system.o(.text.data_handle)
    delay_1us                                0x08001c39   Thumb Code   116  systick.o(.text.delay_1us)
    delay_ms                                 0x08001cad   Thumb Code   128  systick.o(.text.delay_ms)
    display_tm                               0x08001d2d   Thumb Code   376  oled.o(.text.display_tm)
    dp_download_handle                       0x08001f29   Thumb Code    52  protocol.o(.text.dp_download_handle)
    exti_interrupt_flag_clear                0x08001f5d   Thumb Code    16  gd32e23x_exti.o(.text.exti_interrupt_flag_clear)
    exti_interrupt_flag_get                  0x08001f6d   Thumb Code    72  gd32e23x_exti.o(.text.exti_interrupt_flag_get)
    fputc                                    0x08001fb5   Thumb Code    52  uart.o(.text.fputc)
    get_check_sum                            0x08001fe9   Thumb Code    72  system.o(.text.get_check_sum)
    get_download_cmd_total                   0x08002089   Thumb Code     4  protocol.o(.text.get_download_cmd_total)
    gpio_af_set                              0x080020a5   Thumb Code   196  gd32e23x_gpio.o(.text.gpio_af_set)
    gpio_bit_reset                           0x08002169   Thumb Code    16  gd32e23x_gpio.o(.text.gpio_bit_reset)
    gpio_bit_set                             0x08002179   Thumb Code    16  gd32e23x_gpio.o(.text.gpio_bit_set)
    gpio_configuration                       0x08002189   Thumb Code    50  oc.o(.text.gpio_configuration)
    gpio_input_bit_get                       0x080021bb   Thumb Code    42  gd32e23x_gpio.o(.text.gpio_input_bit_get)
    gpio_mode_set                            0x080021e5   Thumb Code   144  gd32e23x_gpio.o(.text.gpio_mode_set)
    gpio_output_options_set                  0x08002275   Thumb Code   142  gd32e23x_gpio.o(.text.gpio_output_options_set)
    main                                     0x08002361   Thumb Code   168  main.o(.text.main)
    mcu_dp_bool_update                       0x08002409   Thumb Code   184  mcu_api.o(.text.mcu_dp_bool_update)
    mcu_dp_string_update                     0x080024c1   Thumb Code   152  mcu_api.o(.text.mcu_dp_string_update)
    mcu_dp_value_update                      0x08002559   Thumb Code   184  mcu_api.o(.text.mcu_dp_value_update)
    mcu_get_dp_download_bool                 0x08002611   Thumb Code    18  mcu_api.o(.text.mcu_get_dp_download_bool)
    mcu_get_greentime                        0x08002623   Thumb Code    22  protocol.o(.text.mcu_get_greentime)
    my_memcpy                                0x08002639   Thumb Code   174  mcu_api.o(.text.my_memcpy)
    my_strlen                                0x080026e7   Thumb Code    62  mcu_api.o(.text.my_strlen)
    nvic_configuration                       0x08002725   Thumb Code    12  oc.o(.text.nvic_configuration)
    nvic_irq_enable                          0x08002731   Thumb Code    52  gd32e23x_misc.o(.text.nvic_irq_enable)
    nvic_vector_table_set                    0x08002765   Thumb Code    32  gd32e23x_misc.o(.text.nvic_vector_table_set)
    oc_init                                  0x08002785   Thumb Code    16  oc.o(.text.oc_init)
    rcu_clock_freq_get                       0x08002899   Thumb Code   772  gd32e23x_rcu.o(.text.rcu_clock_freq_get)
    rcu_periph_clock_enable                  0x08002b9d   Thumb Code    36  gd32e23x_rcu.o(.text.rcu_periph_clock_enable)
    rcu_periph_reset_disable                 0x08002bc1   Thumb Code    36  gd32e23x_rcu.o(.text.rcu_periph_reset_disable)
    rcu_periph_reset_enable                  0x08002be5   Thumb Code    36  gd32e23x_rcu.o(.text.rcu_periph_reset_enable)
    send_ir                                  0x08002c09   Thumb Code    16  irsend.o(.text.send_ir)
    send_ir1                                 0x08002c19   Thumb Code   236  irsend.o(.text.send_ir1)
    set_wifi_uart_buffer                     0x08002d05   Thumb Code    72  system.o(.text.set_wifi_uart_buffer)
    set_wifi_uart_byte                       0x08002d4d   Thumb Code    48  system.o(.text.set_wifi_uart_byte)
    systick_config                           0x08002e69   Thumb Code    56  systick.o(.text.systick_config)
    take_byte_rxbuff                         0x08002ea1   Thumb Code    76  system.o(.text.take_byte_rxbuff)
    timer_auto_reload_shadow_enable          0x08002eed   Thumb Code    18  gd32e23x_timer.o(.text.timer_auto_reload_shadow_enable)
    timer_channel_input_capture_prescaler_config 0x08002f01   Thumb Code   162  gd32e23x_timer.o(.text.timer_channel_input_capture_prescaler_config)
    timer_channel_input_struct_para_init     0x08002fa3   Thumb Code    28  gd32e23x_timer.o(.text.timer_channel_input_struct_para_init)
    timer_channel_output_config              0x08002fc1   Thumb Code   756  gd32e23x_timer.o(.text.timer_channel_output_config)
    timer_channel_output_mode_config         0x080032b5   Thumb Code   162  gd32e23x_timer.o(.text.timer_channel_output_mode_config)
    timer_channel_output_pulse_value_config  0x08003359   Thumb Code    86  gd32e23x_timer.o(.text.timer_channel_output_pulse_value_config)
    timer_channel_output_shadow_config       0x080033b1   Thumb Code   162  gd32e23x_timer.o(.text.timer_channel_output_shadow_config)
    timer_channel_output_struct_para_init    0x08003453   Thumb Code    34  gd32e23x_timer.o(.text.timer_channel_output_struct_para_init)
    timer_config                             0x08003475   Thumb Code   188  irsend.o(.text.timer_config)
    timer_configuration                      0x08003531   Thumb Code   136  oc.o(.text.timer_configuration)
    timer_counter_read                       0x080035b9   Thumb Code    20  gd32e23x_timer.o(.text.timer_counter_read)
    timer_counter_value_config               0x080035cd   Thumb Code    20  gd32e23x_timer.o(.text.timer_counter_value_config)
    timer_deinit                             0x080035e1   Thumb Code   224  gd32e23x_timer.o(.text.timer_deinit)
    timer_disable                            0x080036c1   Thumb Code    18  gd32e23x_timer.o(.text.timer_disable)
    timer_enable                             0x080036d3   Thumb Code    18  gd32e23x_timer.o(.text.timer_enable)
    timer_init                               0x080036e5   Thumb Code   252  gd32e23x_timer.o(.text.timer_init)
    timer_input_capture_config               0x080037e1   Thumb Code   450  gd32e23x_timer.o(.text.timer_input_capture_config)
    timer_interrupt_enable                   0x080039a3   Thumb Code    20  gd32e23x_timer.o(.text.timer_interrupt_enable)
    timer_interrupt_flag_clear               0x080039b7   Thumb Code    18  gd32e23x_timer.o(.text.timer_interrupt_flag_clear)
    timer_interrupt_flag_get                 0x080039c9   Thumb Code    60  gd32e23x_timer.o(.text.timer_interrupt_flag_get)
    timer_struct_para_init                   0x08003a05   Thumb Code    40  gd32e23x_timer.o(.text.timer_struct_para_init)
    uart_receive_input                       0x08003a2d   Thumb Code   100  mcu_api.o(.text.uart_receive_input)
    uart_transmit_output                     0x08003a91   Thumb Code    22  protocol.o(.text.uart_transmit_output)
    usart_baudrate_set                       0x08003aa9   Thumb Code   176  gd32e23x_usart.o(.text.usart_baudrate_set)
    usart_data_receive                       0x08003b59   Thumb Code    16  gd32e23x_usart.o(.text.usart_data_receive)
    usart_data_transmit                      0x08003b69   Thumb Code    24  gd32e23x_usart.o(.text.usart_data_transmit)
    usart_deinit                             0x08003b81   Thumb Code    80  gd32e23x_usart.o(.text.usart_deinit)
    usart_enable                             0x08003bd1   Thumb Code    18  gd32e23x_usart.o(.text.usart_enable)
    usart_flag_get                           0x08003be3   Thumb Code    58  gd32e23x_usart.o(.text.usart_flag_get)
    usart_interrupt_enable                   0x08003c1d   Thumb Code    38  gd32e23x_usart.o(.text.usart_interrupt_enable)
    usart_interrupt_flag_get                 0x08003c43   Thumb Code   102  gd32e23x_usart.o(.text.usart_interrupt_flag_get)
    usart_receive_config                     0x08003ca9   Thumb Code    30  gd32e23x_usart.o(.text.usart_receive_config)
    usart_transmit_config                    0x08003cc7   Thumb Code    30  gd32e23x_usart.o(.text.usart_transmit_config)
    w_puter                                  0x08003ce5   Thumb Code    60  uart.o(.text.w_puter)
    wifi_protocol_init                       0x08003d21   Thumb Code    44  mcu_api.o(.text.wifi_protocol_init)
    wifi_uart_service                        0x08003d4d   Thumb Code   400  mcu_api.o(.text.wifi_uart_service)
    wifi_uart_write_frame                    0x08003f21   Thumb Code   120  system.o(.text.wifi_uart_write_frame)
    with_data_rxbuff                         0x08003f99   Thumb Code    48  system.o(.text.with_data_rxbuff)
    __0printf                                0x08003fc9   Thumb Code    24  printfa.o(i.__0printf)
    __1printf                                0x08003fc9   Thumb Code     0  printfa.o(i.__0printf)
    __2printf                                0x08003fc9   Thumb Code     0  printfa.o(i.__0printf)
    __c89printf                              0x08003fc9   Thumb Code     0  printfa.o(i.__0printf)
    printf                                   0x08003fc9   Thumb Code     0  printfa.o(i.__0printf)
    __0sprintf                               0x08003fe9   Thumb Code    36  printfa.o(i.__0sprintf)
    __1sprintf                               0x08003fe9   Thumb Code     0  printfa.o(i.__0sprintf)
    __2sprintf                               0x08003fe9   Thumb Code     0  printfa.o(i.__0sprintf)
    __c89sprintf                             0x08003fe9   Thumb Code     0  printfa.o(i.__0sprintf)
    sprintf                                  0x08003fe9   Thumb Code     0  printfa.o(i.__0sprintf)
    __ARM_clz                                0x08004011   Thumb Code    46  depilogue.o(i.__ARM_clz)
    __scatterload_copy                       0x0800403f   Thumb Code    14  handlers.o(i.__scatterload_copy)
    __scatterload_null                       0x0800404d   Thumb Code     2  handlers.o(i.__scatterload_null)
    __scatterload_zeroinit                   0x0800404f   Thumb Code    14  handlers.o(i.__scatterload_zeroinit)
    F8X16                                    0x08004912   Data        1520  oled.o(.rodata.F8X16)
    download_cmd                             0x08004f02   Data           8  protocol.o(.rodata.download_cmd)
    Region$$Table$$Base                      0x08004f74   Number         0  anon$$obj.o(Region$$Table)
    Region$$Table$$Limit                     0x08004f94   Number         0  anon$$obj.o(Region$$Table)
    __stdout                                 0x20000000   Data           4  stdout.o(.data)
    Hzk                                      0x20000004   Data         832  oled.o(.data.Hzk)
    SystemCoreClock                          0x20000344   Data           4  system_gd32e23x.o(.data.SystemCoreClock)
    addr                                     0x20000348   Data           1  sht30.o(.data.addr)
    ts                                       0x20000349   Data          11  protocol.o(.data.ts)
    humi                                     0x20000370   Data           8  main.o(.bss.humi)
    reset_wifi_flag                          0x20000378   Data           1  system.o(.bss.reset_wifi_flag)
    result                                   0x2000037c   Data           4  gd32e23x_it.o(.bss.result)
    rx_buf_in                                0x20000380   Data           4  system.o(.bss.rx_buf_in)
    rx_buf_out                               0x20000384   Data           4  system.o(.bss.rx_buf_out)
    set_wifimode_flag                        0x20000388   Data           1  system.o(.bss.set_wifimode_flag)
    stop_update_flag                         0x20000389   Data           1  system.o(.bss.stop_update_flag)
    swi                                      0x2000038a   Data           1  protocol.o(.bss.swi)
    temp                                     0x20000390   Data           8  main.o(.bss.temp)
    text                                     0x20000398   Data          50  oled.o(.bss.text)
    timer_icinitpara                         0x200003ca   Data           8  oc.o(.bss.timer_icinitpara)
    wifi_data_process_buf                    0x200003d2   Data          31  system.o(.bss.wifi_data_process_buf)
    wifi_uart_rx_buf                         0x200003f1   Data          23  system.o(.bss.wifi_uart_rx_buf)
    wifi_uart_tx_buf                         0x2000040a   Data          55  system.o(.bss.wifi_uart_tx_buf)
    wifi_work_state                          0x20000441   Data           1  system.o(.bss.wifi_work_state)
    __initial_sp                             0x20000848   Data           0  startup_gd32e23x.o(STACK)



==============================================================================

Memory Map of the image

  Image Entry point : 0x080000cd

  Load Region LR_IROM1 (Base: 0x08000000, Size: 0x000052f0, Max: 0x00010000, ABSOLUTE, COMPRESSED[0x00005108])

    Execution Region ER_IROM1 (Exec base: 0x08000000, Load base: 0x08000000, Size: 0x00004f94, Max: 0x00010000, ABSOLUTE)

    Exec Addr    Load Addr    Size         Type   Attr      Idx    E Section Name        Object

    0x08000000   0x08000000   0x000000cc   Data   RO         1516    RESET               startup_gd32e23x.o
    0x080000cc   0x080000cc   0x00000000   Code   RO         1523  * .ARM.Collect$$$$00000000  mc_p.l(entry.o)
    0x080000cc   0x080000cc   0x00000004   Code   RO         1576    .ARM.Collect$$$$00000001  mc_p.l(entry2.o)
    0x080000d0   0x080000d0   0x00000004   Code   RO         1579    .ARM.Collect$$$$00000004  mc_p.l(entry5.o)
    0x080000d4   0x080000d4   0x00000000   Code   RO         1581    .ARM.Collect$$$$00000008  mc_p.l(entry7b.o)
    0x080000d4   0x080000d4   0x00000000   Code   RO         1583    .ARM.Collect$$$$0000000A  mc_p.l(entry8b.o)
    0x080000d4   0x080000d4   0x00000008   Code   RO         1584    .ARM.Collect$$$$0000000B  mc_p.l(entry9a.o)
    0x080000dc   0x080000dc   0x00000000   Code   RO         1586    .ARM.Collect$$$$0000000D  mc_p.l(entry10a.o)
    0x080000dc   0x080000dc   0x00000000   Code   RO         1588    .ARM.Collect$$$$0000000F  mc_p.l(entry11a.o)
    0x080000dc   0x080000dc   0x00000004   Code   RO         1577    .ARM.Collect$$$$00002712  mc_p.l(entry2.o)
    0x080000e0   0x080000e0   0x0000001c   Code   RO         1517    .text               startup_gd32e23x.o
    0x080000fc   0x080000fc   0x0000007a   Code   RO         1554    .text               mf_p.l(fmul.o)
    0x08000176   0x08000176   0x0000007c   Code   RO         1556    .text               mf_p.l(fdiv.o)
    0x080001f2   0x080001f2   0x00000002   PAD
    0x080001f4   0x080001f4   0x00000164   Code   RO         1558    .text               mf_p.l(dadd.o)
    0x08000358   0x08000358   0x000000d0   Code   RO         1560    .text               mf_p.l(dmul.o)
    0x08000428   0x08000428   0x000000f0   Code   RO         1562    .text               mf_p.l(ddiv.o)
    0x08000518   0x08000518   0x0000002c   Code   RO         1564    .text               mf_p.l(dcmplt.o)
    0x08000544   0x08000544   0x0000002c   Code   RO         1566    .text               mf_p.l(dcmpgt.o)
    0x08000570   0x08000570   0x0000000e   Code   RO         1568    .text               mf_p.l(ffltui.o)
    0x0800057e   0x0800057e   0x00000002   PAD
    0x08000580   0x08000580   0x0000001c   Code   RO         1570    .text               mf_p.l(dfltui.o)
    0x0800059c   0x0800059c   0x00000028   Code   RO         1572    .text               mf_p.l(ffixui.o)
    0x080005c4   0x080005c4   0x0000003c   Code   RO         1574    .text               mf_p.l(dfixui.o)
    0x08000600   0x08000600   0x0000002c   Code   RO         1591    .text               mc_p.l(uidiv.o)
    0x0800062c   0x0800062c   0x00000060   Code   RO         1593    .text               mc_p.l(uldiv.o)
    0x0800068c   0x0800068c   0x00000020   Code   RO         1595    .text               mc_p.l(llshl.o)
    0x080006ac   0x080006ac   0x00000022   Code   RO         1597    .text               mc_p.l(llushr.o)
    0x080006ce   0x080006ce   0x00000026   Code   RO         1599    .text               mc_p.l(llsshr.o)
    0x080006f4   0x080006f4   0x00000000   Code   RO         1601    .text               mc_p.l(iusefp.o)
    0x080006f4   0x080006f4   0x00000082   Code   RO         1602    .text               mf_p.l(fepilogue.o)
    0x08000776   0x08000776   0x000000be   Code   RO         1604    .text               mf_p.l(depilogue.o)
    0x08000834   0x08000834   0x00000040   Code   RO         1608    .text               mf_p.l(dfixul.o)
    0x08000874   0x08000874   0x00000028   Code   RO         1610    .text               mf_p.l(cdrcmple.o)
    0x0800089c   0x0800089c   0x00000024   Code   RO         1612    .text               mc_p.l(init.o)
    0x080008c0   0x080008c0   0x00000056   Code   RO         1622    .text               mc_p.l(__dczerorl2.o)
    0x08000916   0x08000916   0x00000090   Code   RO          289    .text.CheckCrc8     sht30.o
    0x080009a6   0x080009a6   0x00000018   Code   RO           26    .text.EXTI0_1_IRQHandler  gd32e23x_it.o
    0x080009be   0x080009be   0x00000018   Code   RO           24    .text.EXTI4_15_IRQHandler  gd32e23x_it.o
    0x080009d6   0x080009d6   0x00000004   Code   RO           14    .text.HardFault_Handler  gd32e23x_it.o
    0x080009da   0x080009da   0x0000006c   Code   RO          311    .text.IIC_ACK       myiic.o
    0x08000a46   0x08000a46   0x00000046   Code   RO          305    .text.IIC_Init      myiic.o
    0x08000a8c   0x08000a8c   0x0000006c   Code   RO          313    .text.IIC_NACK      myiic.o
    0x08000af8   0x08000af8   0x000000a0   Code   RO          319    .text.IIC_RcvByte   myiic.o
    0x08000b98   0x08000b98   0x000000b8   Code   RO          317    .text.IIC_SendByte  myiic.o
    0x08000c50   0x08000c50   0x0000005a   Code   RO          307    .text.IIC_Start     myiic.o
    0x08000caa   0x08000caa   0x00000060   Code   RO          309    .text.IIC_Stop      myiic.o
    0x08000d0a   0x08000d0a   0x000000ea   Code   RO          315    .text.IIC_wait_ACK  myiic.o
    0x08000df4   0x08000df4   0x00000002   Code   RO           12    .text.NMI_Handler   gd32e23x_it.o
    0x08000df6   0x08000df6   0x0000006a   Code   RO          336    .text.OLED_Clear    oled.o
    0x08000e60   0x08000e60   0x00000022   Code   RO          332    .text.OLED_Display_On  oled.o
    0x08000e82   0x08000e82   0x00000002   PAD
    0x08000e84   0x08000e84   0x000001c8   Code   RO          350    .text.OLED_Init     oled.o
    0x0800104c   0x0800104c   0x00000048   Code   RO          330    .text.OLED_Set_Pos  oled.o
    0x08001094   0x08001094   0x000000c4   Code   RO          346    .text.OLED_ShowCHinese  oled.o
    0x08001158   0x08001158   0x000000cc   Code   RO          338    .text.OLED_ShowChar  oled.o
    0x08001224   0x08001224   0x00000072   Code   RO          344    .text.OLED_ShowString  oled.o
    0x08001296   0x08001296   0x00000002   PAD
    0x08001298   0x08001298   0x000000a4   Code   RO          328    .text.OLED_WR_Byte  oled.o
    0x0800133c   0x0800133c   0x00000002   Code   RO           18    .text.PendSV_Handler  gd32e23x_it.o
    0x0800133e   0x0800133e   0x00000002   PAD
    0x08001340   0x08001340   0x0000017c   Code   RO          293    .text.SHT3x_Get_Humiture_single  sht30.o
    0x080014bc   0x080014bc   0x00000088   Code   RO          287    .text.SHT3x_Recv_Data  sht30.o
    0x08001544   0x08001544   0x00000060   Code   RO          285    .text.SHT3x_Send_Cmd  sht30.o
    0x080015a4   0x080015a4   0x00000002   Code   RO           16    .text.SVC_Handler   gd32e23x_it.o
    0x080015a6   0x080015a6   0x00000002   Code   RO           20    .text.SysTick_Handler  gd32e23x_it.o
    0x080015a8   0x080015a8   0x000000ac   Code   RO          379    .text.SystemInit    system_gd32e23x.o
    0x08001654   0x08001654   0x00000124   Code   RO           28    .text.TIMER13_IRQHandler  gd32e23x_it.o
    0x08001778   0x08001778   0x00000024   Code   RO           22    .text.USART1_IRQHandler  gd32e23x_it.o
    0x0800179c   0x0800179c   0x00000034   Code   RO          850    .text.__NVIC_EnableIRQ  gd32e23x_misc.o
    0x080017d0   0x080017d0   0x00000088   Code   RO          848    .text.__NVIC_SetPriority  gd32e23x_misc.o
    0x08001858   0x08001858   0x00000074   Code   RO          141    .text.all_data_update  protocol.o
    0x080018cc   0x080018cc   0x00000130   Code   RO           58    .text.com_gpio_init  uart.o
    0x080019fc   0x080019fc   0x0000006c   Code   RO           64    .text.com_usart_init  uart.o
    0x08001a68   0x08001a68   0x00000154   Code   RO          171    .text.data_handle   system.o
    0x08001bbc   0x08001bbc   0x0000007c   Code   RO          179    .text.data_point_handle  system.o
    0x08001c38   0x08001c38   0x00000074   Code   RO           45    .text.delay_1us     systick.o
    0x08001cac   0x08001cac   0x00000080   Code   RO           47    .text.delay_ms      systick.o
    0x08001d2c   0x08001d2c   0x00000178   Code   RO          352    .text.display_tm    oled.o
    0x08001ea4   0x08001ea4   0x00000084   Code   RO          145    .text.dp_download_gongneng_handle  protocol.o
    0x08001f28   0x08001f28   0x00000034   Code   RO          143    .text.dp_download_handle  protocol.o
    0x08001f5c   0x08001f5c   0x00000010   Code   RO          631    .text.exti_interrupt_flag_clear  gd32e23x_exti.o
    0x08001f6c   0x08001f6c   0x00000048   Code   RO          629    .text.exti_interrupt_flag_get  gd32e23x_exti.o
    0x08001fb4   0x08001fb4   0x00000034   Code   RO           66    .text.fputc         uart.o
    0x08001fe8   0x08001fe8   0x00000048   Code   RO          165    .text.get_check_sum  system.o
    0x08002030   0x08002030   0x00000058   Code   RO          185    .text.get_dowmload_dpid_index  system.o
    0x08002088   0x08002088   0x00000004   Code   RO          147    .text.get_download_cmd_total  protocol.o
    0x0800208c   0x0800208c   0x00000018   Code   RO          177    .text.get_mcu_wifi_mode  system.o
    0x080020a4   0x080020a4   0x000000c4   Code   RO          754    .text.gpio_af_set   gd32e23x_gpio.o
    0x08002168   0x08002168   0x00000010   Code   RO          740    .text.gpio_bit_reset  gd32e23x_gpio.o
    0x08002178   0x08002178   0x00000010   Code   RO          738    .text.gpio_bit_set  gd32e23x_gpio.o
    0x08002188   0x08002188   0x00000032   Code   RO          267    .text.gpio_configuration  oc.o
    0x080021ba   0x080021ba   0x0000002a   Code   RO          746    .text.gpio_input_bit_get  gd32e23x_gpio.o
    0x080021e4   0x080021e4   0x00000090   Code   RO          734    .text.gpio_mode_set  gd32e23x_gpio.o
    0x08002274   0x08002274   0x0000008e   Code   RO          736    .text.gpio_output_options_set  gd32e23x_gpio.o
    0x08002302   0x08002302   0x00000002   PAD
    0x08002304   0x08002304   0x0000005c   Code   RO          173    .text.heat_beat_check  system.o
    0x08002360   0x08002360   0x000000a8   Code   RO            2    .text.main          main.o
    0x08002408   0x08002408   0x000000b8   Code   RO           95    .text.mcu_dp_bool_update  mcu_api.o
    0x080024c0   0x080024c0   0x00000098   Code   RO           99    .text.mcu_dp_string_update  mcu_api.o
    0x08002558   0x08002558   0x000000b8   Code   RO           97    .text.mcu_dp_value_update  mcu_api.o
    0x08002610   0x08002610   0x00000012   Code   RO          105    .text.mcu_get_dp_download_bool  mcu_api.o
    0x08002622   0x08002622   0x00000016   Code   RO          149    .text.mcu_get_greentime  protocol.o
    0x08002638   0x08002638   0x000000ae   Code   RO           83    .text.my_memcpy     mcu_api.o
    0x080026e6   0x080026e6   0x0000003e   Code   RO           79    .text.my_strlen     mcu_api.o
    0x08002724   0x08002724   0x0000000c   Code   RO          269    .text.nvic_configuration  oc.o
    0x08002730   0x08002730   0x00000034   Code   RO          846    .text.nvic_irq_enable  gd32e23x_misc.o
    0x08002764   0x08002764   0x00000020   Code   RO          860    .text.nvic_vector_table_set  gd32e23x_misc.o
    0x08002784   0x08002784   0x00000010   Code   RO          273    .text.oc_init       oc.o
    0x08002794   0x08002794   0x00000104   Code   RO          175    .text.product_info_update  system.o
    0x08002898   0x08002898   0x00000304   Code   RO          984    .text.rcu_clock_freq_get  gd32e23x_rcu.o
    0x08002b9c   0x08002b9c   0x00000024   Code   RO          910    .text.rcu_periph_clock_enable  gd32e23x_rcu.o
    0x08002bc0   0x08002bc0   0x00000024   Code   RO          920    .text.rcu_periph_reset_disable  gd32e23x_rcu.o
    0x08002be4   0x08002be4   0x00000024   Code   RO          918    .text.rcu_periph_reset_enable  gd32e23x_rcu.o
    0x08002c08   0x08002c08   0x00000010   Code   RO          368    .text.send_ir       irsend.o
    0x08002c18   0x08002c18   0x000000ec   Code   RO          366    .text.send_ir1      irsend.o
    0x08002d04   0x08002d04   0x00000048   Code   RO          163    .text.set_wifi_uart_buffer  system.o
    0x08002d4c   0x08002d4c   0x00000030   Code   RO          161    .text.set_wifi_uart_byte  system.o
    0x08002d7c   0x08002d7c   0x000000e4   Code   RO          385    .text.system_clock_72m_hxtal  system_gd32e23x.o
    0x08002e60   0x08002e60   0x00000008   Code   RO          381    .text.system_clock_config  system_gd32e23x.o
    0x08002e68   0x08002e68   0x00000038   Code   RO           43    .text.systick_config  systick.o
    0x08002ea0   0x08002ea0   0x0000004c   Code   RO          183    .text.take_byte_rxbuff  system.o
    0x08002eec   0x08002eec   0x00000012   Code   RO         1196    .text.timer_auto_reload_shadow_enable  gd32e23x_timer.o
    0x08002efe   0x08002efe   0x00000002   PAD
    0x08002f00   0x08002f00   0x000000a2   Code   RO         1294    .text.timer_channel_input_capture_prescaler_config  gd32e23x_timer.o
    0x08002fa2   0x08002fa2   0x0000001c   Code   RO         1290    .text.timer_channel_input_struct_para_init  gd32e23x_timer.o
    0x08002fbe   0x08002fbe   0x00000002   PAD
    0x08002fc0   0x08002fc0   0x000002f4   Code   RO         1270    .text.timer_channel_output_config  gd32e23x_timer.o
    0x080032b4   0x080032b4   0x000000a2   Code   RO         1272    .text.timer_channel_output_mode_config  gd32e23x_timer.o
    0x08003356   0x08003356   0x00000002   PAD
    0x08003358   0x08003358   0x00000056   Code   RO         1274    .text.timer_channel_output_pulse_value_config  gd32e23x_timer.o
    0x080033ae   0x080033ae   0x00000002   PAD
    0x080033b0   0x080033b0   0x000000a2   Code   RO         1276    .text.timer_channel_output_shadow_config  gd32e23x_timer.o
    0x08003452   0x08003452   0x00000022   Code   RO         1268    .text.timer_channel_output_struct_para_init  gd32e23x_timer.o
    0x08003474   0x08003474   0x000000bc   Code   RO          370    .text.timer_config  irsend.o
    0x08003530   0x08003530   0x00000088   Code   RO          271    .text.timer_configuration  oc.o
    0x080035b8   0x080035b8   0x00000014   Code   RO         1218    .text.timer_counter_read  gd32e23x_timer.o
    0x080035cc   0x080035cc   0x00000014   Code   RO         1216    .text.timer_counter_value_config  gd32e23x_timer.o
    0x080035e0   0x080035e0   0x000000e0   Code   RO         1186    .text.timer_deinit  gd32e23x_timer.o
    0x080036c0   0x080036c0   0x00000012   Code   RO         1194    .text.timer_disable  gd32e23x_timer.o
    0x080036d2   0x080036d2   0x00000012   Code   RO         1192    .text.timer_enable  gd32e23x_timer.o
    0x080036e4   0x080036e4   0x000000fc   Code   RO         1190    .text.timer_init    gd32e23x_timer.o
    0x080037e0   0x080037e0   0x000001c2   Code   RO         1292    .text.timer_input_capture_config  gd32e23x_timer.o
    0x080039a2   0x080039a2   0x00000014   Code   RO         1228    .text.timer_interrupt_enable  gd32e23x_timer.o
    0x080039b6   0x080039b6   0x00000012   Code   RO         1234    .text.timer_interrupt_flag_clear  gd32e23x_timer.o
    0x080039c8   0x080039c8   0x0000003c   Code   RO         1232    .text.timer_interrupt_flag_get  gd32e23x_timer.o
    0x08003a04   0x08003a04   0x00000028   Code   RO         1188    .text.timer_struct_para_init  gd32e23x_timer.o
    0x08003a2c   0x08003a2c   0x00000064   Code   RO          111    .text.uart_receive_input  mcu_api.o
    0x08003a90   0x08003a90   0x00000016   Code   RO          139    .text.uart_transmit_output  protocol.o
    0x08003aa6   0x08003aa6   0x00000002   PAD
    0x08003aa8   0x08003aa8   0x000000b0   Code   RO         1341    .text.usart_baudrate_set  gd32e23x_usart.o
    0x08003b58   0x08003b58   0x00000010   Code   RO         1377    .text.usart_data_receive  gd32e23x_usart.o
    0x08003b68   0x08003b68   0x00000018   Code   RO         1375    .text.usart_data_transmit  gd32e23x_usart.o
    0x08003b80   0x08003b80   0x00000050   Code   RO         1339    .text.usart_deinit  gd32e23x_usart.o
    0x08003bd0   0x08003bd0   0x00000012   Code   RO         1349    .text.usart_enable  gd32e23x_usart.o
    0x08003be2   0x08003be2   0x0000003a   Code   RO         1473    .text.usart_flag_get  gd32e23x_usart.o
    0x08003c1c   0x08003c1c   0x00000026   Code   RO         1477    .text.usart_interrupt_enable  gd32e23x_usart.o
    0x08003c42   0x08003c42   0x00000066   Code   RO         1483    .text.usart_interrupt_flag_get  gd32e23x_usart.o
    0x08003ca8   0x08003ca8   0x0000001e   Code   RO         1355    .text.usart_receive_config  gd32e23x_usart.o
    0x08003cc6   0x08003cc6   0x0000001e   Code   RO         1353    .text.usart_transmit_config  gd32e23x_usart.o
    0x08003ce4   0x08003ce4   0x0000003c   Code   RO           68    .text.w_puter       uart.o
    0x08003d20   0x08003d20   0x0000002c   Code   RO          117    .text.wifi_protocol_init  mcu_api.o
    0x08003d4c   0x08003d4c   0x00000190   Code   RO          115    .text.wifi_uart_service  mcu_api.o
    0x08003edc   0x08003edc   0x00000044   Code   RO          169    .text.wifi_uart_write_data  system.o
    0x08003f20   0x08003f20   0x00000078   Code   RO          167    .text.wifi_uart_write_frame  system.o
    0x08003f98   0x08003f98   0x00000030   Code   RO          181    .text.with_data_rxbuff  system.o
    0x08003fc8   0x08003fc8   0x00000020   Code   RO         1527    i.__0printf         mc_p.l(printfa.o)
    0x08003fe8   0x08003fe8   0x00000028   Code   RO         1529    i.__0sprintf        mc_p.l(printfa.o)
    0x08004010   0x08004010   0x0000002e   Code   RO         1606    i.__ARM_clz         mf_p.l(depilogue.o)
    0x0800403e   0x0800403e   0x0000000e   Code   RO         1616    i.__scatterload_copy  mc_p.l(handlers.o)
    0x0800404c   0x0800404c   0x00000002   Code   RO         1617    i.__scatterload_null  mc_p.l(handlers.o)
    0x0800404e   0x0800404e   0x0000000e   Code   RO         1618    i.__scatterload_zeroinit  mc_p.l(handlers.o)
    0x0800405c   0x0800405c   0x00000174   Code   RO         1534    i._fp_digits        mc_p.l(printfa.o)
    0x080041d0   0x080041d0   0x000006ec   Code   RO         1535    i._printf_core      mc_p.l(printfa.o)
    0x080048bc   0x080048bc   0x00000020   Code   RO         1536    i._printf_post_padding  mc_p.l(printfa.o)
    0x080048dc   0x080048dc   0x0000002c   Code   RO         1537    i._printf_pre_padding  mc_p.l(printfa.o)
    0x08004908   0x08004908   0x0000000a   Code   RO         1539    i._sputc            mc_p.l(printfa.o)
    0x08004912   0x08004912   0x000005f0   Data   RO          355    .rodata.F8X16       oled.o
    0x08004f02   0x08004f02   0x00000008   Data   RO          153    .rodata.download_cmd  protocol.o
    0x08004f0a   0x08004f0a   0x0000000e   Data   RO           35    .rodata.str1.1      gd32e23x_it.o
    0x08004f18   0x08004f18   0x0000002f   Data   RO          197    .rodata.str1.1      system.o
    0x08004f47   0x08004f47   0x00000017   Data   RO          297    .rodata.str1.1      sht30.o
    0x08004f5e   0x08004f5e   0x00000013   Data   RO          358    .rodata.str1.1      oled.o
    0x08004f71   0x08004f71   0x00000003   PAD
    0x08004f74   0x08004f74   0x00000020   Data   RO         1615    Region$$Table       anon$$obj.o


    Execution Region RW_IRAM1 (Exec base: 0x20000000, Load base: 0x08004f98, Size: 0x00000848, Max: 0x00002000, ABSOLUTE, COMPRESSED[0x00000170])

    Exec Addr    Load Addr    Size         Type   Attr      Idx    E Section Name        Object

    0x20000000   COMPRESSED   0x00000004   Data   RW         1590    .data               mc_p.l(stdout.o)
    0x20000004   COMPRESSED   0x00000340   Data   RW          356    .data.Hzk           oled.o
    0x20000344   COMPRESSED   0x00000004   Data   RW          387    .data.SystemCoreClock  system_gd32e23x.o
    0x20000348   COMPRESSED   0x00000001   Data   RW          295    .data.addr          sht30.o
    0x20000349   COMPRESSED   0x0000000b   Data   RW          151    .data.ts            protocol.o
    0x20000354   COMPRESSED   0x00000004   PAD
    0x20000358        -       0x00000004   Zero   RW           32    .bss.TIMER13_IRQHandler.count  gd32e23x_it.o
    0x2000035c        -       0x00000001   Zero   RW           33    .bss.TIMER13_IRQHandler.fl  gd32e23x_it.o
    0x2000035d        -       0x00000001   Zero   RW           34    .bss.TIMER13_IRQHandler.k  gd32e23x_it.o
    0x2000035e   COMPRESSED   0x00000002   PAD
    0x20000360        -       0x00000004   Zero   RW           50    .bss.count_1ms      systick.o
    0x20000364        -       0x00000004   Zero   RW           49    .bss.count_1us      systick.o
    0x20000368        -       0x00000001   Zero   RW          196    .bss.heat_beat_check.mcu_reset_state  system.o
    0x20000369   COMPRESSED   0x00000007   PAD
    0x20000370        -       0x00000008   Zero   RW            5    .bss.humi           main.o
    0x20000378        -       0x00000001   Zero   RW          190    .bss.reset_wifi_flag  system.o
    0x20000379   COMPRESSED   0x00000003   PAD
    0x2000037c        -       0x00000004   Zero   RW           30    .bss.result         gd32e23x_it.o
    0x20000380        -       0x00000004   Zero   RW          192    .bss.rx_buf_in      system.o
    0x20000384        -       0x00000004   Zero   RW          193    .bss.rx_buf_out     system.o
    0x20000388        -       0x00000001   Zero   RW          191    .bss.set_wifimode_flag  system.o
    0x20000389        -       0x00000001   Zero   RW          195    .bss.stop_update_flag  system.o
    0x2000038a        -       0x00000001   Zero   RW          152    .bss.swi            protocol.o
    0x2000038b   COMPRESSED   0x00000005   PAD
    0x20000390        -       0x00000008   Zero   RW            4    .bss.temp           main.o
    0x20000398        -       0x00000032   Zero   RW          357    .bss.text           oled.o
    0x200003ca        -       0x00000008   Zero   RW          275    .bss.timer_icinitpara  oc.o
    0x200003d2        -       0x0000001f   Zero   RW          188    .bss.wifi_data_process_buf  system.o
    0x200003f1        -       0x00000017   Zero   RW          194    .bss.wifi_uart_rx_buf  system.o
    0x20000408        -       0x00000002   Zero   RW          131    .bss.wifi_uart_service.rx_in  mcu_api.o
    0x2000040a        -       0x00000037   Zero   RW          187    .bss.wifi_uart_tx_buf  system.o
    0x20000441        -       0x00000001   Zero   RW          189    .bss.wifi_work_state  system.o
    0x20000442   COMPRESSED   0x00000006   PAD
    0x20000448        -       0x00000400   Zero   RW         1514    STACK               startup_gd32e23x.o


==============================================================================

Image component sizes


      Code (inc. data)   RO Data    RW Data    ZI Data      Debug   Object Name

        88          8          0          0          0       3293   gd32e23x_exti.o
       556          0          0          0          0       4279   gd32e23x_gpio.o
       388         48         14          0         10       2765   gd32e23x_it.o
       272         20          0          0          0       3963   gd32e23x_misc.o
       880         36          0          0          0      11536   gd32e23x_rcu.o
      2548         68          0          0          0      17154   gd32e23x_timer.o
       572         20          0          0          0      14289   gd32e23x_usart.o
       440         24          0          0          0       2079   irsend.o
       168         16          0          0         16       1764   main.o
      1318         32          0          0          2       6539   mcu_api.o
      1050          0          0          0          0       1681   myiic.o
       214          8          0          0          8       2739   oc.o
      1722         48       1539        832         50       4035   oled.o
       348         20          8         11          1       1831   protocol.o
       756         36         23          1          0       3440   sht30.o
        28          8        204          0       1024        752   startup_gd32e23x.o
      1432         84         47          0        122       4202   system.o
       408         56          0          4          0       1894   system_gd32e23x.o
       300         40          0          0          8       1388   systick.o
       524         44          0          0          0       2757   uart.o

    ----------------------------------------------------------------------
     14030        616       1870        848       1268      92380   Object Totals
         0          0         32          0          0          0   (incl. Generated)
        18          0          3          0         27          0   (incl. Padding)

    ----------------------------------------------------------------------

      Code (inc. data)   RO Data    RW Data    ZI Data      Debug   Library Member Name

        86          0          0          0          0          0   __dczerorl2.o
         0          0          0          0          0          0   entry.o
         0          0          0          0          0          0   entry10a.o
         0          0          0          0          0          0   entry11a.o
         8          4          0          0          0          0   entry2.o
         4          0          0          0          0          0   entry5.o
         0          0          0          0          0          0   entry7b.o
         0          0          0          0          0          0   entry8b.o
         8          4          0          0          0          0   entry9a.o
        30          0          0          0          0          0   handlers.o
        36          8          0          0          0         68   init.o
         0          0          0          0          0          0   iusefp.o
        32          0          0          0          0         68   llshl.o
        38          0          0          0          0         68   llsshr.o
        34          0          0          0          0         68   llushr.o
      2302        102          0          0          0        556   printfa.o
         0          0          0          4          0          0   stdout.o
        44          0          0          0          0         72   uidiv.o
        96          0          0          0          0         84   uldiv.o
        40          2          0          0          0         68   cdrcmple.o
       356          4          0          0          0        140   dadd.o
        44          0          0          0          0         68   dcmpgt.o
        44          0          0          0          0         68   dcmplt.o
       240          6          0          0          0         84   ddiv.o
       236          0          0          0          0        216   depilogue.o
        60         10          0          0          0         68   dfixui.o
        64         10          0          0          0         68   dfixul.o
        28          4          0          0          0         68   dfltui.o
       208          6          0          0          0         88   dmul.o
       124          0          0          0          0         72   fdiv.o
       130          0          0          0          0        144   fepilogue.o
        40          0          0          0          0         60   ffixui.o
        14          0          0          0          0         68   ffltui.o
       122          0          0          0          0         72   fmul.o

    ----------------------------------------------------------------------
      4472        160          0          4          0       2336   Library Totals
         4          0          0          0          0          0   (incl. Padding)

    ----------------------------------------------------------------------

      Code (inc. data)   RO Data    RW Data    ZI Data      Debug   Library Name

      2718        118          0          4          0        984   mc_p.l
      1750         42          0          0          0       1352   mf_p.l

    ----------------------------------------------------------------------
      4472        160          0          4          0       2336   Library Totals

    ----------------------------------------------------------------------

==============================================================================


      Code (inc. data)   RO Data    RW Data    ZI Data      Debug   

     18502        776       1870        852       1268      93500   Grand Totals
     18502        776       1870        368       1268      93500   ELF Image Totals (compressed)
     18502        776       1870        368          0          0   ROM Totals

==============================================================================

    Total RO  Size (Code + RO Data)                20372 (  19.89kB)
    Total RW  Size (RW Data + ZI Data)              2120 (   2.07kB)
    Total ROM Size (Code + RO Data + RW Data)      20740 (  20.25kB)

==============================================================================

